Archive member included to satisfy reference by file (symbol)

c:/ac6/systemworkbench/plugins/fr.ac6.mcu.externaltools.arm-none.win32_1.16.0.201807130628/tools/compiler/bin/../lib/gcc/arm-none-eabi/7.2.1/thumb/v7e-m/fpv4-sp/hard\libgcc.a(_aeabi_uldivmod.o)
                              Drivers/STM32F4xx_HAL_Driver/Src/stm32f4xx_hal_rcc.o (__aeabi_uldivmod)
c:/ac6/systemworkbench/plugins/fr.ac6.mcu.externaltools.arm-none.win32_1.16.0.201807130628/tools/compiler/bin/../lib/gcc/arm-none-eabi/7.2.1/thumb/v7e-m/fpv4-sp/hard\libgcc.a(_udivmoddi4.o)
                              c:/ac6/systemworkbench/plugins/fr.ac6.mcu.externaltools.arm-none.win32_1.16.0.201807130628/tools/compiler/bin/../lib/gcc/arm-none-eabi/7.2.1/thumb/v7e-m/fpv4-sp/hard\libgcc.a(_aeabi_uldivmod.o) (__udivmoddi4)
c:/ac6/systemworkbench/plugins/fr.ac6.mcu.externaltools.arm-none.win32_1.16.0.201807130628/tools/compiler/bin/../lib/gcc/arm-none-eabi/7.2.1/thumb/v7e-m/fpv4-sp/hard\libgcc.a(_dvmd_tls.o)
                              c:/ac6/systemworkbench/plugins/fr.ac6.mcu.externaltools.arm-none.win32_1.16.0.201807130628/tools/compiler/bin/../lib/gcc/arm-none-eabi/7.2.1/thumb/v7e-m/fpv4-sp/hard\libgcc.a(_aeabi_uldivmod.o) (__aeabi_ldiv0)
c:/ac6/systemworkbench/plugins/fr.ac6.mcu.externaltools.arm-none.win32_1.16.0.201807130628/tools/compiler/bin/../lib/gcc/arm-none-eabi/7.2.1/../../../../arm-none-eabi/lib/thumb/v7e-m/fpv4-sp/hard\libc_nano.a(lib_a-exit.o)
                              c:/ac6/systemworkbench/plugins/fr.ac6.mcu.externaltools.arm-none.win32_1.16.0.201807130628/tools/compiler/bin/../lib/gcc/arm-none-eabi/7.2.1/../../../../arm-none-eabi/lib/thumb/v7e-m/fpv4-sp/hard/crt0.o (exit)
c:/ac6/systemworkbench/plugins/fr.ac6.mcu.externaltools.arm-none.win32_1.16.0.201807130628/tools/compiler/bin/../lib/gcc/arm-none-eabi/7.2.1/../../../../arm-none-eabi/lib/thumb/v7e-m/fpv4-sp/hard\libc_nano.a(lib_a-impure.o)
                              c:/ac6/systemworkbench/plugins/fr.ac6.mcu.externaltools.arm-none.win32_1.16.0.201807130628/tools/compiler/bin/../lib/gcc/arm-none-eabi/7.2.1/../../../../arm-none-eabi/lib/thumb/v7e-m/fpv4-sp/hard\libc_nano.a(lib_a-exit.o) (_global_impure_ptr)
c:/ac6/systemworkbench/plugins/fr.ac6.mcu.externaltools.arm-none.win32_1.16.0.201807130628/tools/compiler/bin/../lib/gcc/arm-none-eabi/7.2.1/../../../../arm-none-eabi/lib/thumb/v7e-m/fpv4-sp/hard\libc_nano.a(lib_a-init.o)
                              c:/ac6/systemworkbench/plugins/fr.ac6.mcu.externaltools.arm-none.win32_1.16.0.201807130628/tools/compiler/bin/../lib/gcc/arm-none-eabi/7.2.1/../../../../arm-none-eabi/lib/thumb/v7e-m/fpv4-sp/hard/crt0.o (__libc_init_array)
c:/ac6/systemworkbench/plugins/fr.ac6.mcu.externaltools.arm-none.win32_1.16.0.201807130628/tools/compiler/bin/../lib/gcc/arm-none-eabi/7.2.1/../../../../arm-none-eabi/lib/thumb/v7e-m/fpv4-sp/hard\libc_nano.a(lib_a-malloc.o)
                              Middlewares/ST/STM32_USB_Host_Library/Class/CDC/Src/usbh_cdc.o (malloc)
c:/ac6/systemworkbench/plugins/fr.ac6.mcu.externaltools.arm-none.win32_1.16.0.201807130628/tools/compiler/bin/../lib/gcc/arm-none-eabi/7.2.1/../../../../arm-none-eabi/lib/thumb/v7e-m/fpv4-sp/hard\libc_nano.a(lib_a-memcpy-stub.o)
                              Middlewares/Third_Party/FreeRTOS/Source/queue.o (memcpy)
c:/ac6/systemworkbench/plugins/fr.ac6.mcu.externaltools.arm-none.win32_1.16.0.201807130628/tools/compiler/bin/../lib/gcc/arm-none-eabi/7.2.1/../../../../arm-none-eabi/lib/thumb/v7e-m/fpv4-sp/hard\libc_nano.a(lib_a-memset.o)
                              c:/ac6/systemworkbench/plugins/fr.ac6.mcu.externaltools.arm-none.win32_1.16.0.201807130628/tools/compiler/bin/../lib/gcc/arm-none-eabi/7.2.1/../../../../arm-none-eabi/lib/thumb/v7e-m/fpv4-sp/hard/crt0.o (memset)
c:/ac6/systemworkbench/plugins/fr.ac6.mcu.externaltools.arm-none.win32_1.16.0.201807130628/tools/compiler/bin/../lib/gcc/arm-none-eabi/7.2.1/../../../../arm-none-eabi/lib/thumb/v7e-m/fpv4-sp/hard\libc_nano.a(lib_a-nano-freer.o)
                              c:/ac6/systemworkbench/plugins/fr.ac6.mcu.externaltools.arm-none.win32_1.16.0.201807130628/tools/compiler/bin/../lib/gcc/arm-none-eabi/7.2.1/../../../../arm-none-eabi/lib/thumb/v7e-m/fpv4-sp/hard\libc_nano.a(lib_a-malloc.o) (_free_r)
c:/ac6/systemworkbench/plugins/fr.ac6.mcu.externaltools.arm-none.win32_1.16.0.201807130628/tools/compiler/bin/../lib/gcc/arm-none-eabi/7.2.1/../../../../arm-none-eabi/lib/thumb/v7e-m/fpv4-sp/hard\libc_nano.a(lib_a-nano-mallocr.o)
                              c:/ac6/systemworkbench/plugins/fr.ac6.mcu.externaltools.arm-none.win32_1.16.0.201807130628/tools/compiler/bin/../lib/gcc/arm-none-eabi/7.2.1/../../../../arm-none-eabi/lib/thumb/v7e-m/fpv4-sp/hard\libc_nano.a(lib_a-malloc.o) (_malloc_r)
c:/ac6/systemworkbench/plugins/fr.ac6.mcu.externaltools.arm-none.win32_1.16.0.201807130628/tools/compiler/bin/../lib/gcc/arm-none-eabi/7.2.1/../../../../arm-none-eabi/lib/thumb/v7e-m/fpv4-sp/hard\libc_nano.a(lib_a-sbrkr.o)
[...]
Memory Configuration

Name             Origin             Length             Attributes
RAM              0x20000000         0x00020000         xrw
CCMRAM           0x10000000         0x00010000         rw
FLASH            0x08000000         0x00100000         xr
*default*        0x00000000         0xffffffff

Linker script and memory map

LOAD c:/ac6/systemworkbench/plugins/fr.ac6.mcu.externaltools.arm-none.win32_1.16.0.201807130628/tools/compiler/bin/../lib/gcc/arm-none-eabi/7.2.1/thumb/v7e-m/fpv4-sp/hard/crti.o
LOAD c:/ac6/systemworkbench/plugins/fr.ac6.mcu.externaltools.arm-none.win32_1.16.0.201807130628/tools/compiler/bin/../lib/gcc/arm-none-eabi/7.2.1/thumb/v7e-m/fpv4-sp/hard/crtbegin.o
LOAD c:/ac6/systemworkbench/plugins/fr.ac6.mcu.externaltools.arm-none.win32_1.16.0.201807130628/tools/compiler/bin/../lib/gcc/arm-none-eabi/7.2.1/../../../../arm-none-eabi/lib/thumb/v7e-m/fpv4-sp/hard/crt0.o
LOAD Drivers/STM32F4xx_HAL_Driver/Src/stm32f4xx_hal.o
LOAD Drivers/STM32F4xx_HAL_Driver/Src/stm32f4xx_hal_adc.o
LOAD Drivers/STM32F4xx_HAL_Driver/Src/stm32f4xx_hal_adc_ex.o
LOAD Drivers/STM32F4xx_HAL_Driver/Src/stm32f4xx_hal_cortex.o
LOAD Drivers/STM32F4xx_HAL_Driver/Src/stm32f4xx_hal_dma.o
LOAD Drivers/STM32F4xx_HAL_Driver/Src/stm32f4xx_hal_dma_ex.o
LOAD Drivers/STM32F4xx_HAL_Driver/Src/stm32f4xx_hal_flash.o
LOAD Drivers/STM32F4xx_HAL_Driver/Src/stm32f4xx_hal_flash_ex.o
LOAD Drivers/STM32F4xx_HAL_Driver/Src/stm32f4xx_hal_flash_ramfunc.o
LOAD Drivers/STM32F4xx_HAL_Driver/Src/stm32f4xx_hal_gpio.o
LOAD Drivers/STM32F4xx_HAL_Driver/Src/stm32f4xx_hal_hcd.o
LOAD Drivers/STM32F4xx_HAL_Driver/Src/stm32f4xx_hal_i2c.o
LOAD Drivers/STM32F4xx_HAL_Driver/Src/stm32f4xx_hal_i2c_ex.o
LOAD Drivers/STM32F4xx_HAL_Driver/Src/stm32f4xx_hal_i2s.o
LOAD Drivers/STM32F4xx_HAL_Driver/Src/stm32f4xx_hal_i2s_ex.o
LOAD Drivers/STM32F4xx_HAL_Driver/Src/stm32f4xx_hal_pwr.o
LOAD Drivers/STM32F4xx_HAL_Driver/Src/stm32f4xx_hal_pwr_ex.o
LOAD Drivers/STM32F4xx_HAL_Driver/Src/stm32f4xx_hal_rcc.o
LOAD Drivers/STM32F4xx_HAL_Driver/Src/stm32f4xx_hal_rcc_ex.o
LOAD Drivers/STM32F4xx_HAL_Driver/Src/stm32f4xx_hal_spi.o
LOAD Drivers/STM32F4xx_HAL_Driver/Src/stm32f4xx_hal_tim.o
LOAD Drivers/STM32F4xx_HAL_Driver/Src/stm32f4xx_hal_tim_ex.o
LOAD Drivers/STM32F4xx_HAL_Driver/Src/stm32f4xx_hal_uart.o
LOAD Drivers/STM32F4xx_HAL_Driver/Src/stm32f4xx_ll_usb.o
LOAD Middlewares/ST/STM32_USB_Host_Library/Class/CDC/Src/usbh_cdc.o
LOAD Middlewares/ST/STM32_USB_Host_Library/Core/Src/usbh_core.o
LOAD Middlewares/ST/STM32_USB_Host_Library/Core/Src/usbh_ctlreq.o
LOAD Middlewares/ST/STM32_USB_Host_Library/Core/Src/usbh_ioreq.o
LOAD Middlewares/ST/STM32_USB_Host_Library/Core/Src/usbh_pipes.o
LOAD Middlewares/Third_Party/FreeRTOS/Source/CMSIS_RTOS/cmsis_os.o
LOAD Middlewares/Third_Party/FreeRTOS/Source/croutine.o
LOAD Middlewares/Third_Party/FreeRTOS/Source/event_groups.o
LOAD Middlewares/Third_Party/FreeRTOS/Source/list.o
LOAD Middlewares/Third_Party/FreeRTOS/Source/queue.o
LOAD Middlewares/Third_Party/FreeRTOS/Source/tasks.o
LOAD Middlewares/Third_Party/FreeRTOS/Source/timers.o
LOAD Middlewares/Third_Party/FreeRTOS/Source/portable/GCC/ARM_CM4F/port.o
LOAD Middlewares/Third_Party/FreeRTOS/Source/portable/MemMang/heap_4.o
LOAD Src/freertos.o
LOAD Src/main.o
LOAD Src/stm32f4xx_hal_msp.o
LOAD Src/stm32f4xx_it.o
LOAD Src/system_stm32f4xx.o
LOAD Src/usb_host.o
LOAD Src/usbh_conf.o
LOAD Src/usbh_platform.o
LOAD startup/startup_stm32f407xx.o
LOAD c:/ac6/systemworkbench/plugins/fr.ac6.mcu.externaltools.arm-none.win32_1.16.0.201807130628/tools/compiler/bin/../lib/gcc/arm-none-eabi/7.2.1/../../../../arm-none-eabi/lib/thumb/v7e-m/fpv4-sp/hard\libm.a
START GROUP
LOAD c:/ac6/systemworkbench/plugins/fr.ac6.mcu.externaltools.arm-none.win32_1.16.0.201807130628/tools/compiler/bin/../lib/gcc/arm-none-eabi/7.2.1/thumb/v7e-m/fpv4-sp/hard\libgcc.a
LOAD c:/ac6/systemworkbench/plugins/fr.ac6.mcu.externaltools.arm-none.win32_1.16.0.201807130628/tools/compiler/bin/../lib/gcc/arm-none-eabi/7.2.1/../../../../arm-none-eabi/lib/thumb/v7e-m/fpv4-sp/hard\libc_nano.a
END GROUP
START GROUP
LOAD c:/ac6/systemworkbench/plugins/fr.ac6.mcu.externaltools.arm-none.win32_1.16.0.201807130628/tools/compiler/bin/../lib/gcc/arm-none-eabi/7.2.1/thumb/v7e-m/fpv4-sp/hard\libgcc.a
LOAD c:/ac6/systemworkbench/plugins/fr.ac6.mcu.externaltools.arm-none.win32_1.16.0.201807130628/tools/compiler/bin/../lib/gcc/arm-none-eabi/7.2.1/../../../../arm-none-eabi/lib/thumb/v7e-m/fpv4-sp/hard\libc_nano.a
LOAD c:/ac6/systemworkbench/plugins/fr.ac6.mcu.externaltools.arm-none.win32_1.16.0.201807130628/tools/compiler/bin/../lib/gcc/arm-none-eabi/7.2.1/../../../../arm-none-eabi/lib/thumb/v7e-m/fpv4-sp/hard\libnosys.a
END GROUP
START GROUP
LOAD c:/ac6/systemworkbench/plugins/fr.ac6.mcu.externaltools.arm-none.win32_1.16.0.201807130628/tools/compiler/bin/../lib/gcc/arm-none-eabi/7.2.1/thumb/v7e-m/fpv4-sp/hard\libgcc.a
LOAD c:/ac6/systemworkbench/plugins/fr.ac6.mcu.externaltools.arm-none.win32_1.16.0.201807130628/tools/compiler/bin/../lib/gcc/arm-none-eabi/7.2.1/../../../../arm-none-eabi/lib/thumb/v7e-m/fpv4-sp/hard\libc_nano.a
LOAD c:/ac6/systemworkbench/plugins/fr.ac6.mcu.externaltools.arm-none.win32_1.16.0.201807130628/tools/compiler/bin/../lib/gcc/arm-none-eabi/7.2.1/../../../../arm-none-eabi/lib/thumb/v7e-m/fpv4-sp/hard\libnosys.a
END GROUP
LOAD c:/ac6/systemworkbench/plugins/fr.ac6.mcu.externaltools.arm-none.win32_1.16.0.201807130628/tools/compiler/bin/../lib/gcc/arm-none-eabi/7.2.1/thumb/v7e-m/fpv4-sp/hard/crtend.o
LOAD c:/ac6/systemworkbench/plugins/fr.ac6.mcu.externaltools.arm-none.win32_1.16.0.201807130628/tools/compiler/bin/../lib/gcc/arm-none-eabi/7.2.1/thumb/v7e-m/fpv4-sp/hard/crtn.o
                0x20020000                _estack = 0x20020000
                0x00000200                _Min_Heap_Size = 0x200
                0x00000400                _Min_Stack_Size = 0x400

.isr_vector     0x08000000      0x188
                0x08000000                . = ALIGN (0x4)
 *(.isr_vector)
 .isr_vector    0x08000000      0x188 startup/startup_stm32f407xx.o
                0x08000000                g_pfnVectors
                0x08000188                . = ALIGN (0x4)

.text           0x08000190     0x75d4
                0x08000190                . = ALIGN (0x4)
 *(.text)
 .text          0x08000190       0x40 c:/ac6/systemworkbench/plugins/fr.ac6.mcu.externaltools.arm-none.win32_1.16.0.201807130628/tools/compiler/bin/../lib/gcc/arm-none-eabi/7.2.1/thumb/v7e-m/fpv4-sp/hard/crtbegin.o
 .text          0x080001d0       0x30 c:/ac6/systemworkbench/plugins/fr.ac6.mcu.externaltools.arm-none.win32_1.16.0.201807130628/tools/compiler/bin/../lib/gcc/arm-none-eabi/7.2.1/thumb/v7e-m/fpv4-sp/hard\libgcc.a(_aeabi_uldivmod.o)
                0x080001d0                __aeabi_uldivmod
 .text          0x08000200      0x2cc c:/ac6/systemworkbench/plugins/fr.ac6.mcu.externaltools.arm-none.win32_1.16.0.201807130628/tools/compiler/bin/../lib/gcc/arm-none-eabi/7.2.1/thumb/v7e-m/fpv4-sp/hard\libgcc.a(_udivmoddi4.o)
                0x08000200                __udivmoddi4
 .text          0x080004cc        0x4 c:/ac6/systemworkbench/plugins/fr.ac6.mcu.externaltools.arm-none.win32_1.16.0.201807130628/tools/compiler/bin/../lib/gcc/arm-none-eabi/7.2.1/thumb/v7e-m/fpv4-sp/hard\libgcc.a(_dvmd_tls.o)
                0x080004cc                __aeabi_idiv0
                0x080004cc                __aeabi_ldiv0
 .text          0x080004d0       0xa0 c:/ac6/systemworkbench/plugins/fr.ac6.mcu.externaltools.arm-none.win32_1.16.0.201807130628/tools/compiler/bin/../lib/gcc/arm-none-eabi/7.2.1/../../../../arm-none-eabi/lib/thumb/v7e-m/fpv4-sp/hard\libc_nano.a(lib_a-memchr.o)
                0x080004d0                memchr
 *(.text*)
 .text.HAL_InitTick
                0x08000570       0x48 Drivers/STM32F4xx_HAL_Driver/Src/stm32f4xx_hal.o
                0x08000570                HAL_InitTick
 .text.HAL_Init
                0x080005b8       0x34 Drivers/STM32F4xx_HAL_Driver/Src/stm32f4xx_hal.o
                0x080005b8                HAL_Init
 .text.HAL_IncTick
                0x080005ec       0x18 Drivers/STM32F4xx_HAL_Driver/Src/stm32f4xx_hal.o
                0x080005ec                HAL_IncTick
 .text.HAL_GetTick
                0x08000604        0xc Drivers/STM32F4xx_HAL_Driver/Src/stm32f4xx_hal.o
                0x08000604                HAL_GetTick
 .text.HAL_Delay
                0x08000610       0x28 Drivers/STM32F4xx_HAL_Driver/Src/stm32f4xx_hal.o
                0x08000610                HAL_Delay
 .text.ADC_Init
                0x08000638      0x130 Drivers/STM32F4xx_HAL_Driver/Src/stm32f4xx_hal_adc.o
 .text.HAL_ADC_Init
                0x08000768       0x54 Drivers/STM32F4xx_HAL_Driver/Src/stm32f4xx_hal_adc.o
                0x08000768                HAL_ADC_Init
 .text.HAL_ADC_Start
                0x080007bc       0xf8 Drivers/STM32F4xx_HAL_Driver/Src/stm32f4xx_hal_adc.o
                0x080007bc                HAL_ADC_Start
 .text.HAL_ADC_Stop
                0x080008b4       0x40 Drivers/STM32F4xx_HAL_Driver/Src/stm32f4xx_hal_adc.o
                0x080008b4                HAL_ADC_Stop
 .text.HAL_ADC_PollForConversion
                0x080008f4       0xb6 Drivers/STM32F4xx_HAL_Driver/Src/stm32f4xx_hal_adc.o
                0x080008f4                HAL_ADC_PollForConversion
 .text.HAL_ADC_GetValue
                0x080009aa        0x6 Drivers/STM32F4xx_HAL_Driver/Src/stm32f4xx_hal_adc.o
                0x080009aa                HAL_ADC_GetValue
 .text.HAL_ADC_ConfigChannel
                0x080009b0      0x190 Drivers/STM32F4xx_HAL_Driver/Src/stm32f4xx_hal_adc.o
                0x080009b0                HAL_ADC_ConfigChannel
 .text.HAL_NVIC_SetPriorityGrouping
                0x08000b40       0x24 Drivers/STM32F4xx_HAL_Driver/Src/stm32f4xx_hal_cortex.o
                0x08000b40                HAL_NVIC_SetPriorityGrouping
 .text.HAL_NVIC_SetPriority
                0x08000b64       0x68 Drivers/STM32F4xx_HAL_Driver/Src/stm32f4xx_hal_cortex.o
                0x08000b64                HAL_NVIC_SetPriority
 .text.HAL_NVIC_EnableIRQ
                0x08000bcc       0x18 Drivers/STM32F4xx_HAL_Driver/Src/stm32f4xx_hal_cortex.o
                0x08000bcc                HAL_NVIC_EnableIRQ
 .text.HAL_SYSTICK_Config
                0x08000be4       0x2c Drivers/STM32F4xx_HAL_Driver/Src/stm32f4xx_hal_cortex.o
                0x08000be4                HAL_SYSTICK_Config
 .text.HAL_SYSTICK_CLKSourceConfig
                0x08000c10       0x20 Drivers/STM32F4xx_HAL_Driver/Src/stm32f4xx_hal_cortex.o
                0x08000c10                HAL_SYSTICK_CLKSourceConfig
 .text.HAL_DMA_Abort_IT
                0x08000c30       0x26 Drivers/STM32F4xx_HAL_Driver/Src/stm32f4xx_hal_dma.o
                0x08000c30                HAL_DMA_Abort_IT
 *fill*         0x08000c56        0x2 
 .text.HAL_GPIO_Init
                0x08000c58      0x1c8 Drivers/STM32F4xx_HAL_Driver/Src/stm32f4xx_hal_gpio.o
                0x08000c58                HAL_GPIO_Init
 .text.HAL_GPIO_WritePin
                0x08000e20        0xc Drivers/STM32F4xx_HAL_Driver/Src/stm32f4xx_hal_gpio.o
                0x08000e20                HAL_GPIO_WritePin
 .text.HCD_RXQLVL_IRQHandler
                0x08000e2c       0x7c Drivers/STM32F4xx_HAL_Driver/Src/stm32f4xx_hal_hcd.o
 .text.HAL_HCD_HC_Init
                0x08000ea8       0x72 Drivers/STM32F4xx_HAL_Driver/Src/stm32f4xx_hal_hcd.o
                0x08000ea8                HAL_HCD_HC_Init
 .text.HAL_HCD_HC_Halt
                0x08000f1a       0x24 Drivers/STM32F4xx_HAL_Driver/Src/stm32f4xx_hal_hcd.o
                0x08000f1a                HAL_HCD_HC_Halt
 .text.HAL_HCD_Init
                0x08000f3e       0x78 Drivers/STM32F4xx_HAL_Driver/Src/stm32f4xx_hal_hcd.o
                0x08000f3e                HAL_HCD_Init
 .text.HAL_HCD_HC_SubmitRequest
                0x08000fb6      0x1cc Drivers/STM32F4xx_HAL_Driver/Src/stm32f4xx_hal_hcd.o
                0x08000fb6                HAL_HCD_HC_SubmitRequest
 .text.HCD_Port_IRQHandler
                0x08001182       0xc8 Drivers/STM32F4xx_HAL_Driver/Src/stm32f4xx_hal_hcd.o
 .text.HCD_HC_IN_IRQHandler
                0x0800124a      0x28c Drivers/STM32F4xx_HAL_Driver/Src/stm32f4xx_hal_hcd.o
 .text.HCD_HC_OUT_IRQHandler
                0x080014d6      0x29e Drivers/STM32F4xx_HAL_Driver/Src/stm32f4xx_hal_hcd.o
 .text.HAL_HCD_IRQHandler
                0x08001774      0x142 Drivers/STM32F4xx_HAL_Driver/Src/stm32f4xx_hal_hcd.o
                0x08001774                HAL_HCD_IRQHandler
 .text.HAL_HCD_Start
                0x080018b6       0x2c Drivers/STM32F4xx_HAL_Driver/Src/stm32f4xx_hal_hcd.o
                0x080018b6                HAL_HCD_Start
 .text.HAL_HCD_Stop
                0x080018e2       0x24 Drivers/STM32F4xx_HAL_Driver/Src/stm32f4xx_hal_hcd.o
                0x080018e2                HAL_HCD_Stop
 .text.HAL_HCD_ResetPort
                0x08001906        0xa Drivers/STM32F4xx_HAL_Driver/Src/stm32f4xx_hal_hcd.o
                0x08001906                HAL_HCD_ResetPort
 .text.HAL_HCD_HC_GetURBState
                0x08001910        0xe Drivers/STM32F4xx_HAL_Driver/Src/stm32f4xx_hal_hcd.o
                0x08001910                HAL_HCD_HC_GetURBState
 .text.HAL_HCD_HC_GetXferCount
                0x0800191e        0xc Drivers/STM32F4xx_HAL_Driver/Src/stm32f4xx_hal_hcd.o
                0x0800191e                HAL_HCD_HC_GetXferCount
 .text.HAL_HCD_GetCurrentFrame
                0x0800192a        0xa Drivers/STM32F4xx_HAL_Driver/Src/stm32f4xx_hal_hcd.o
                0x0800192a                HAL_HCD_GetCurrentFrame
 .text.HAL_HCD_GetCurrentSpeed
                0x08001934        0xa Drivers/STM32F4xx_HAL_Driver/Src/stm32f4xx_hal_hcd.o
                0x08001934                HAL_HCD_GetCurrentSpeed
 *fill*         0x0800193e        0x2 
 .text.HAL_I2C_Init
                0x08001940      0x11c Drivers/STM32F4xx_HAL_Driver/Src/stm32f4xx_hal_i2c.o
                0x08001940                HAL_I2C_Init
 .text.HAL_I2S_TxCpltCallback
                0x08001a5c        0x2 Drivers/STM32F4xx_HAL_Driver/Src/stm32f4xx_hal_i2s.o
                0x08001a5c                HAL_I2S_TxCpltCallback
 .text.I2S_Transmit_IT
                0x08001a5e       0x38 Drivers/STM32F4xx_HAL_Driver/Src/stm32f4xx_hal_i2s.o
 .text.HAL_I2S_RxCpltCallback
                0x08001a96        0x2 Drivers/STM32F4xx_HAL_Driver/Src/stm32f4xx_hal_i2s.o
                0x08001a96                HAL_I2S_RxCpltCallback
 .text.I2S_Receive_IT
                0x08001a98       0x38 Drivers/STM32F4xx_HAL_Driver/Src/stm32f4xx_hal_i2s.o
 .text.HAL_I2S_ErrorCallback
                0x08001ad0        0x2 Drivers/STM32F4xx_HAL_Driver/Src/stm32f4xx_hal_i2s.o
                0x08001ad0                HAL_I2S_ErrorCallback
 *fill*         0x08001ad2        0x2 
 .text.HAL_I2S_Init
                0x08001ad4      0x194 Drivers/STM32F4xx_HAL_Driver/Src/stm32f4xx_hal_i2s.o
                0x08001ad4                HAL_I2S_Init
 .text.I2S_IRQHandler
                0x08001c68       0xd8 Drivers/STM32F4xx_HAL_Driver/Src/stm32f4xx_hal_i2s.o
 .text.HAL_I2SEx_TxRxCpltCallback
                0x08001d40        0x2 Drivers/STM32F4xx_HAL_Driver/Src/stm32f4xx_hal_i2s_ex.o
                0x08001d40                HAL_I2SEx_TxRxCpltCallback
 *fill*         0x08001d42        0x2 
 .text.I2SEx_FullDuplexTx_IT
                0x08001d44       0xa0 Drivers/STM32F4xx_HAL_Driver/Src/stm32f4xx_hal_i2s_ex.o
 .text.I2SEx_FullDuplexRx_IT
                0x08001de4       0xa0 Drivers/STM32F4xx_HAL_Driver/Src/stm32f4xx_hal_i2s_ex.o
 .text.HAL_I2SEx_FullDuplex_IRQHandler
                0x08001e84      0x208 Drivers/STM32F4xx_HAL_Driver/Src/stm32f4xx_hal_i2s_ex.o
                0x08001e84                HAL_I2SEx_FullDuplex_IRQHandler
 .text.HAL_RCC_OscConfig
                0x0800208c      0x398 Drivers/STM32F4xx_HAL_Driver/Src/stm32f4xx_hal_rcc.o
                0x0800208c                HAL_RCC_OscConfig
 .text.HAL_RCC_GetSysClockFreq
                0x08002424       0xd8 Drivers/STM32F4xx_HAL_Driver/Src/stm32f4xx_hal_rcc.o
                0x08002424                HAL_RCC_GetSysClockFreq
 .text.HAL_RCC_ClockConfig
                0x080024fc      0x158 Drivers/STM32F4xx_HAL_Driver/Src/stm32f4xx_hal_rcc.o
                0x080024fc                HAL_RCC_ClockConfig
 .text.HAL_RCC_GetHCLKFreq
                0x08002654        0xc Drivers/STM32F4xx_HAL_Driver/Src/stm32f4xx_hal_rcc.o
                0x08002654                HAL_RCC_GetHCLKFreq
 .text.HAL_RCC_GetPCLK1Freq
                0x08002660       0x20 Drivers/STM32F4xx_HAL_Driver/Src/stm32f4xx_hal_rcc.o
                0x08002660                HAL_RCC_GetPCLK1Freq
 .text.HAL_RCC_GetPCLK2Freq
                0x08002680       0x20 Drivers/STM32F4xx_HAL_Driver/Src/stm32f4xx_hal_rcc.o
                0x08002680                HAL_RCC_GetPCLK2Freq
 .text.HAL_RCCEx_PeriphCLKConfig
                0x080026a0      0x154 Drivers/STM32F4xx_HAL_Driver/Src/stm32f4xx_hal_rcc_ex.o
                0x080026a0                HAL_RCCEx_PeriphCLKConfig
 .text.HAL_RCCEx_GetPeriphCLKFreq
                0x080027f4       0x74 Drivers/STM32F4xx_HAL_Driver/Src/stm32f4xx_hal_rcc_ex.o
                0x080027f4                HAL_RCCEx_GetPeriphCLKFreq
 .text.HAL_SPI_Init
                0x08002868       0x80 Drivers/STM32F4xx_HAL_Driver/Src/stm32f4xx_hal_spi.o
                0x08002868                HAL_SPI_Init
 .text.UART_EndRxTransfer
                0x080028e8       0x1c Drivers/STM32F4xx_HAL_Driver/Src/stm32f4xx_hal_uart.o
 .text.UART_Transmit_IT
                0x08002904       0x68 Drivers/STM32F4xx_HAL_Driver/Src/stm32f4xx_hal_uart.o
 .text.UART_SetConfig
                0x0800296c      0x334 Drivers/STM32F4xx_HAL_Driver/Src/stm32f4xx_hal_uart.o
 .text.UART_WaitOnFlagUntilTimeout
                0x08002ca0       0x62 Drivers/STM32F4xx_HAL_Driver/Src/stm32f4xx_hal_uart.o
 .text.HAL_UART_Init
                0x08002d02       0x5e Drivers/STM32F4xx_HAL_Driver/Src/stm32f4xx_hal_uart.o
                0x08002d02                HAL_UART_Init
 .text.HAL_UART_Transmit
                0x08002d60       0xe0 Drivers/STM32F4xx_HAL_Driver/Src/stm32f4xx_hal_uart.o
                0x08002d60                HAL_UART_Transmit
 .text.HAL_UART_TxCpltCallback
                0x08002e40        0x2 Drivers/STM32F4xx_HAL_Driver/Src/stm32f4xx_hal_uart.o
                0x08002e40                HAL_UART_TxCpltCallback
 .text.UART_EndTransmit_IT
                0x08002e42       0x1a Drivers/STM32F4xx_HAL_Driver/Src/stm32f4xx_hal_uart.o
 .text.HAL_UART_RxCpltCallback
                0x08002e5c        0x2 Drivers/STM32F4xx_HAL_Driver/Src/stm32f4xx_hal_uart.o
                0x08002e5c                HAL_UART_RxCpltCallback
 .text.UART_Receive_IT
                0x08002e5e       0x92 Drivers/STM32F4xx_HAL_Driver/Src/stm32f4xx_hal_uart.o
 .text.HAL_UART_ErrorCallback
                0x08002ef0        0x2 Drivers/STM32F4xx_HAL_Driver/Src/stm32f4xx_hal_uart.o
                0x08002ef0                HAL_UART_ErrorCallback
 *fill*         0x08002ef2        0x2 
 .text.HAL_UART_IRQHandler
                0x08002ef4      0x120 Drivers/STM32F4xx_HAL_Driver/Src/stm32f4xx_hal_uart.o
                0x08002ef4                HAL_UART_IRQHandler
 .text.UART_DMAAbortOnError
                0x08003014       0x10 Drivers/STM32F4xx_HAL_Driver/Src/stm32f4xx_hal_uart.o
 .text.USB_CoreInit
                0x08003024       0x7c Drivers/STM32F4xx_HAL_Driver/Src/stm32f4xx_ll_usb.o
                0x08003024                USB_CoreInit
 .text.USB_EnableGlobalInt
                0x080030a0        0xc Drivers/STM32F4xx_HAL_Driver/Src/stm32f4xx_ll_usb.o
                0x080030a0                USB_EnableGlobalInt
 .text.USB_DisableGlobalInt
                0x080030ac        0xc Drivers/STM32F4xx_HAL_Driver/Src/stm32f4xx_ll_usb.o
                0x080030ac                USB_DisableGlobalInt
 .text.USB_SetCurrentMode
                0x080030b8       0x2c Drivers/STM32F4xx_HAL_Driver/Src/stm32f4xx_ll_usb.o
                0x080030b8                USB_SetCurrentMode
 .text.USB_FlushTxFifo
                0x080030e4       0x28 Drivers/STM32F4xx_HAL_Driver/Src/stm32f4xx_ll_usb.o
                0x080030e4                USB_FlushTxFifo
 .text.USB_FlushRxFifo
                0x0800310c       0x24 Drivers/STM32F4xx_HAL_Driver/Src/stm32f4xx_ll_usb.o
                0x0800310c                USB_FlushRxFifo
 .text.USB_WritePacket
                0x08003130       0x28 Drivers/STM32F4xx_HAL_Driver/Src/stm32f4xx_ll_usb.o
                0x08003130                USB_WritePacket
 .text.USB_ReadPacket
                0x08003158       0x28 Drivers/STM32F4xx_HAL_Driver/Src/stm32f4xx_ll_usb.o
                0x08003158                USB_ReadPacket
 .text.USB_ReadInterrupts
                0x08003180        0x8 Drivers/STM32F4xx_HAL_Driver/Src/stm32f4xx_ll_usb.o
                0x08003180                USB_ReadInterrupts
 .text.USB_GetMode
                0x08003188        0x8 Drivers/STM32F4xx_HAL_Driver/Src/stm32f4xx_ll_usb.o
                0x08003188                USB_GetMode
 .text.USB_CoreReset
                0x08003190       0x3c Drivers/STM32F4xx_HAL_Driver/Src/stm32f4xx_ll_usb.o
 .text.USB_HostInit
                0x080031cc       0xec Drivers/STM32F4xx_HAL_Driver/Src/stm32f4xx_ll_usb.o
                0x080031cc                USB_HostInit
 .text.USB_InitFSLSPClkSel
                0x080032b8       0x40 Drivers/STM32F4xx_HAL_Driver/Src/stm32f4xx_ll_usb.o
                0x080032b8                USB_InitFSLSPClkSel
 .text.USB_ResetPort
                0x080032f8       0x34 Drivers/STM32F4xx_HAL_Driver/Src/stm32f4xx_ll_usb.o
                0x080032f8                USB_ResetPort
 .text.USB_DriveVbus
                0x0800332c       0x42 Drivers/STM32F4xx_HAL_Driver/Src/stm32f4xx_ll_usb.o
                0x0800332c                USB_DriveVbus
 .text.USB_GetHostSpeed
                0x0800336e       0x12 Drivers/STM32F4xx_HAL_Driver/Src/stm32f4xx_ll_usb.o
                0x0800336e                USB_GetHostSpeed
 .text.USB_GetCurrentFrame
                0x08003380        0xa Drivers/STM32F4xx_HAL_Driver/Src/stm32f4xx_ll_usb.o
                0x08003380                USB_GetCurrentFrame
 .text.USB_HC_Init
                0x0800338a       0xe0 Drivers/STM32F4xx_HAL_Driver/Src/stm32f4xx_ll_usb.o
                0x0800338a                USB_HC_Init
 *fill*         0x0800346a        0x2 
 .text.USB_HC_StartXfer
                0x0800346c      0x274 Drivers/STM32F4xx_HAL_Driver/Src/stm32f4xx_ll_usb.o
                0x0800346c                USB_HC_StartXfer
 .text.USB_HC_ReadInterrupt
                0x080036e0       0x1e Drivers/STM32F4xx_HAL_Driver/Src/stm32f4xx_ll_usb.o
                0x080036e0                USB_HC_ReadInterrupt
 .text.USB_HC_Halt
                0x080036fe      0x1c2 Drivers/STM32F4xx_HAL_Driver/Src/stm32f4xx_ll_usb.o
                0x080036fe                USB_HC_Halt
 .text.USB_DoPing
                0x080038c0       0x74 Drivers/STM32F4xx_HAL_Driver/Src/stm32f4xx_ll_usb.o
                0x080038c0                USB_DoPing
 .text.USB_StopHost
                0x08003934      0x108 Drivers/STM32F4xx_HAL_Driver/Src/stm32f4xx_ll_usb.o
                0x08003934                USB_StopHost
 .text.USBH_CDC_SOFProcess
                0x08003a3c        0x4 Middlewares/ST/STM32_USB_Host_Library/Class/CDC/Src/usbh_cdc.o
 .text.SetLineCoding
                0x08003a40       0x1a Middlewares/ST/STM32_USB_Host_Library/Class/CDC/Src/usbh_cdc.o
 .text.GetLineCoding
                0x08003a5a       0x1a Middlewares/ST/STM32_USB_Host_Library/Class/CDC/Src/usbh_cdc.o
 .text.USBH_CDC_ClassRequest
                0x08003a74       0x22 Middlewares/ST/STM32_USB_Host_Library/Class/CDC/Src/usbh_cdc.o
 .text.USBH_CDC_InterfaceDeInit
                0x08003a96       0x68 Middlewares/ST/STM32_USB_Host_Library/Class/CDC/Src/usbh_cdc.o
 .text.USBH_CDC_InterfaceInit
                0x08003afe      0x160 Middlewares/ST/STM32_USB_Host_Library/Class/CDC/Src/usbh_cdc.o
 .text.USBH_CDC_TransmitCallback
                0x08003c5e        0x2 Middlewares/ST/STM32_USB_Host_Library/Class/CDC/Src/usbh_cdc.o
                0x08003c5e                USBH_CDC_TransmitCallback
 .text.CDC_ProcessTransmission
                0x08003c60       0xac Middlewares/ST/STM32_USB_Host_Library/Class/CDC/Src/usbh_cdc.o
 .text.USBH_CDC_ReceiveCallback
                0x08003d0c        0x2 Middlewares/ST/STM32_USB_Host_Library/Class/CDC/Src/usbh_cdc.o
                0x08003d0c                USBH_CDC_ReceiveCallback
 .text.CDC_ProcessReception
                0x08003d0e       0x76 Middlewares/ST/STM32_USB_Host_Library/Class/CDC/Src/usbh_cdc.o
 .text.USBH_CDC_LineCodingChanged
                0x08003d84        0x2 Middlewares/ST/STM32_USB_Host_Library/Class/CDC/Src/usbh_cdc.o
                0x08003d84                USBH_CDC_LineCodingChanged
 .text.USBH_CDC_Process
                0x08003d86       0xb8 Middlewares/ST/STM32_USB_Host_Library/Class/CDC/Src/usbh_cdc.o
 .text.DeInitStateMachine
                0x08003e3e       0x4c Middlewares/ST/STM32_USB_Host_Library/Core/Src/usbh_core.o
 .text.USBH_HandleSof
                0x08003e8a       0x1a Middlewares/ST/STM32_USB_Host_Library/Core/Src/usbh_core.o
 .text.USBH_HandleEnum
                0x08003ea4      0x1a2 Middlewares/ST/STM32_USB_Host_Library/Core/Src/usbh_core.o
 *fill*         0x08004046        0x2 
 .text.USBH_Init
                0x08004048       0x68 Middlewares/ST/STM32_USB_Host_Library/Core/Src/usbh_core.o
                0x08004048                USBH_Init
 .text.USBH_RegisterClass
                0x080040b0       0x22 Middlewares/ST/STM32_USB_Host_Library/Core/Src/usbh_core.o
                0x080040b0                USBH_RegisterClass
 .text.USBH_SelectInterface
                0x080040d2       0x14 Middlewares/ST/STM32_USB_Host_Library/Core/Src/usbh_core.o
                0x080040d2                USBH_SelectInterface
 .text.USBH_FindInterface
                0x080040e6       0x52 Middlewares/ST/STM32_USB_Host_Library/Core/Src/usbh_core.o
                0x080040e6                USBH_FindInterface
 .text.USBH_Start
                0x08004138       0x14 Middlewares/ST/STM32_USB_Host_Library/Core/Src/usbh_core.o
                0x08004138                USBH_Start
 .text.USBH_Process
                0x0800414c      0x1ce Middlewares/ST/STM32_USB_Host_Library/Core/Src/usbh_core.o
                0x0800414c                USBH_Process
 .text.USBH_Process_OS
                0x0800431a       0x22 Middlewares/ST/STM32_USB_Host_Library/Core/Src/usbh_core.o
 .text.USBH_LL_SetTimer
                0x0800433c        0x6 Middlewares/ST/STM32_USB_Host_Library/Core/Src/usbh_core.o
                0x0800433c                USBH_LL_SetTimer
 .text.USBH_LL_IncTimer
                0x08004342       0x12 Middlewares/ST/STM32_USB_Host_Library/Core/Src/usbh_core.o
                0x08004342                USBH_LL_IncTimer
 .text.USBH_LL_Connect
                0x08004354       0x36 Middlewares/ST/STM32_USB_Host_Library/Core/Src/usbh_core.o
                0x08004354                USBH_LL_Connect
 .text.USBH_LL_Disconnect
                0x0800438a       0x44 Middlewares/ST/STM32_USB_Host_Library/Core/Src/usbh_core.o
                0x0800438a                USBH_LL_Disconnect
 .text.USBH_LL_NotifyURBChange
                0x080043ce       0x12 Middlewares/ST/STM32_USB_Host_Library/Core/Src/usbh_core.o
                0x080043ce                USBH_LL_NotifyURBChange
 .text.USBH_ParseDevDesc
                0x080043e0       0x5c Middlewares/ST/STM32_USB_Host_Library/Core/Src/usbh_ctlreq.o
 .text.USBH_ParseInterfaceDesc
                0x0800443c       0x26 Middlewares/ST/STM32_USB_Host_Library/Core/Src/usbh_ctlreq.o
 .text.USBH_ParseEPDesc
                0x08004462       0x20 Middlewares/ST/STM32_USB_Host_Library/Core/Src/usbh_ctlreq.o
 .text.USBH_ParseStringDesc
                0x08004482       0x3c Middlewares/ST/STM32_USB_Host_Library/Core/Src/usbh_ctlreq.o
 .text.USBH_HandleControl
                0x080044be      0x288 Middlewares/ST/STM32_USB_Host_Library/Core/Src/usbh_ctlreq.o
 .text.USBH_GetNextDesc
                0x08004746        0xe Middlewares/ST/STM32_USB_Host_Library/Core/Src/usbh_ctlreq.o
                0x08004746                USBH_GetNextDesc
 .text.USBH_ParseCfgDesc
                0x08004754       0xc8 Middlewares/ST/STM32_USB_Host_Library/Core/Src/usbh_ctlreq.o
 .text.USBH_CtlReq
                0x0800481c       0x4a Middlewares/ST/STM32_USB_Host_Library/Core/Src/usbh_ctlreq.o
                0x0800481c                USBH_CtlReq
 .text.USBH_GetDescriptor
                0x08004866       0x3c Middlewares/ST/STM32_USB_Host_Library/Core/Src/usbh_ctlreq.o
                0x08004866                USBH_GetDescriptor
 .text.USBH_Get_DevDesc
                0x080048a2       0x32 Middlewares/ST/STM32_USB_Host_Library/Core/Src/usbh_ctlreq.o
                0x080048a2                USBH_Get_DevDesc
 .text.USBH_Get_CfgDesc
                0x080048d4       0x32 Middlewares/ST/STM32_USB_Host_Library/Core/Src/usbh_ctlreq.o
                0x080048d4                USBH_Get_CfgDesc
 .text.USBH_Get_StringDesc
                0x08004906       0x30 Middlewares/ST/STM32_USB_Host_Library/Core/Src/usbh_ctlreq.o
                0x08004906                USBH_Get_StringDesc
 .text.USBH_SetAddress
                0x08004936       0x22 Middlewares/ST/STM32_USB_Host_Library/Core/Src/usbh_ctlreq.o
                0x08004936                USBH_SetAddress
 .text.USBH_SetCfg
                0x08004958       0x22 Middlewares/ST/STM32_USB_Host_Library/Core/Src/usbh_ctlreq.o
                0x08004958                USBH_SetCfg
 .text.USBH_ClrFeature
                0x0800497a       0x24 Middlewares/ST/STM32_USB_Host_Library/Core/Src/usbh_ctlreq.o
                0x0800497a                USBH_ClrFeature
 .text.USBH_CtlSendSetup
                0x0800499e       0x22 Middlewares/ST/STM32_USB_Host_Library/Core/Src/usbh_ioreq.o
                0x0800499e                USBH_CtlSendSetup
 .text.USBH_CtlSendData
                0x080049c0       0x2c Middlewares/ST/STM32_USB_Host_Library/Core/Src/usbh_ioreq.o
                0x080049c0                USBH_CtlSendData
 .text.USBH_CtlReceiveData
                0x080049ec       0x20 Middlewares/ST/STM32_USB_Host_Library/Core/Src/usbh_ioreq.o
                0x080049ec                USBH_CtlReceiveData
 .text.USBH_BulkSendData
                0x08004a0c       0x2c Middlewares/ST/STM32_USB_Host_Library/Core/Src/usbh_ioreq.o
                0x08004a0c                USBH_BulkSendData
 .text.USBH_BulkReceiveData
                0x08004a38       0x20 Middlewares/ST/STM32_USB_Host_Library/Core/Src/usbh_ioreq.o
                0x08004a38                USBH_BulkReceiveData
 .text.USBH_GetFreePipe
                0x08004a58       0x26 Middlewares/ST/STM32_USB_Host_Library/Core/Src/usbh_pipes.o
 .text.USBH_OpenPipe
                0x08004a7e       0x20 Middlewares/ST/STM32_USB_Host_Library/Core/Src/usbh_pipes.o
                0x08004a7e                USBH_OpenPipe
 .text.USBH_ClosePipe
                0x08004a9e        0xa Middlewares/ST/STM32_USB_Host_Library/Core/Src/usbh_pipes.o
                0x08004a9e                USBH_ClosePipe
 .text.USBH_AllocPipe
                0x08004aa8       0x24 Middlewares/ST/STM32_USB_Host_Library/Core/Src/usbh_pipes.o
                0x08004aa8                USBH_AllocPipe
 .text.USBH_FreePipe
                0x08004acc       0x16 Middlewares/ST/STM32_USB_Host_Library/Core/Src/usbh_pipes.o
                0x08004acc                USBH_FreePipe
 .text.makeFreeRtosPriority
                0x08004ae2        0xc Middlewares/Third_Party/FreeRTOS/Source/CMSIS_RTOS/cmsis_os.o
 .text.inHandlerMode
                0x08004aee        0xc Middlewares/Third_Party/FreeRTOS/Source/CMSIS_RTOS/cmsis_os.o
 .text.osKernelStart
                0x08004afa        0xa Middlewares/Third_Party/FreeRTOS/Source/CMSIS_RTOS/cmsis_os.o
                0x08004afa                osKernelStart
 .text.osThreadCreate
                0x08004b04       0x34 Middlewares/Third_Party/FreeRTOS/Source/CMSIS_RTOS/cmsis_os.o
                0x08004b04                osThreadCreate
 .text.osDelay  0x08004b38       0x12 Middlewares/Third_Party/FreeRTOS/Source/CMSIS_RTOS/cmsis_os.o
                0x08004b38                osDelay
 .text.osMessageCreate
                0x08004b4a        0xe Middlewares/Third_Party/FreeRTOS/Source/CMSIS_RTOS/cmsis_os.o
                0x08004b4a                osMessageCreate
 .text.osMessagePut
                0x08004b58       0x68 Middlewares/Third_Party/FreeRTOS/Source/CMSIS_RTOS/cmsis_os.o
                0x08004b58                osMessagePut
 .text.osMessageGet
                0x08004bc0       0xa0 Middlewares/Third_Party/FreeRTOS/Source/CMSIS_RTOS/cmsis_os.o
                0x08004bc0                osMessageGet
 .text.osSystickHandler
                0x08004c60       0x10 Middlewares/Third_Party/FreeRTOS/Source/CMSIS_RTOS/cmsis_os.o
                0x08004c60                osSystickHandler
 .text.vListInitialise
                0x08004c70       0x16 Middlewares/Third_Party/FreeRTOS/Source/list.o
                0x08004c70                vListInitialise
 .text.vListInitialiseItem
                0x08004c86        0x6 Middlewares/Third_Party/FreeRTOS/Source/list.o
                0x08004c86                vListInitialiseItem
 .text.vListInsertEnd
                0x08004c8c       0x18 Middlewares/Third_Party/FreeRTOS/Source/list.o
                0x08004c8c                vListInsertEnd
 .text.vListInsert
                0x08004ca4       0x34 Middlewares/Third_Party/FreeRTOS/Source/list.o
                0x08004ca4                vListInsert
 .text.uxListRemove
                0x08004cd8       0x26 Middlewares/Third_Party/FreeRTOS/Source/list.o
                0x08004cd8                uxListRemove
 .text.prvIsQueueFull
                0x08004cfe       0x1e Middlewares/Third_Party/FreeRTOS/Source/queue.o
 .text.prvIsQueueEmpty
                0x08004d1c       0x1a Middlewares/Third_Party/FreeRTOS/Source/queue.o
 .text.prvCopyDataToQueue
                0x08004d36       0x76 Middlewares/Third_Party/FreeRTOS/Source/queue.o
 .text.prvCopyDataFromQueue
                0x08004dac       0x24 Middlewares/Third_Party/FreeRTOS/Source/queue.o
 .text.prvUnlockQueue
                0x08004dd0       0x6e Middlewares/Third_Party/FreeRTOS/Source/queue.o
 *fill*         0x08004e3e        0x2 
 .text.xQueueGenericReset
                0x08004e40       0x84 Middlewares/Third_Party/FreeRTOS/Source/queue.o
                0x08004e40                xQueueGenericReset
 .text.prvInitialiseNewQueue
                0x08004ec4       0x1c Middlewares/Third_Party/FreeRTOS/Source/queue.o
 .text.xQueueGenericCreate
                0x08004ee0       0x48 Middlewares/Third_Party/FreeRTOS/Source/queue.o
                0x08004ee0                xQueueGenericCreate
 .text.xQueueGenericSend
                0x08004f28      0x17c Middlewares/Third_Party/FreeRTOS/Source/queue.o
                0x08004f28                xQueueGenericSend
 .text.xQueueGenericSendFromISR
                0x080050a4       0xcc Middlewares/Third_Party/FreeRTOS/Source/queue.o
                0x080050a4                xQueueGenericSendFromISR
 .text.xQueueGenericReceive
                0x08005170      0x1a4 Middlewares/Third_Party/FreeRTOS/Source/queue.o
                0x08005170                xQueueGenericReceive
 .text.xQueueReceiveFromISR
                0x08005314       0xaa Middlewares/Third_Party/FreeRTOS/Source/queue.o
                0x08005314                xQueueReceiveFromISR
 *fill*         0x080053be        0x2 
 .text.prvResetNextTaskUnblockTime
                0x080053c0       0x24 Middlewares/Third_Party/FreeRTOS/Source/tasks.o
 .text.prvDeleteTCB
                0x080053e4       0x12 Middlewares/Third_Party/FreeRTOS/Source/tasks.o
 .text.prvInitialiseNewTask
                0x080053f6       0x80 Middlewares/Third_Party/FreeRTOS/Source/tasks.o
 *fill*         0x08005476        0x2 
 .text.prvInitialiseTaskLists
                0x08005478       0x58 Middlewares/Third_Party/FreeRTOS/Source/tasks.o
 .text.prvAddNewTaskToReadyList
                0x080054d0       0xac Middlewares/Third_Party/FreeRTOS/Source/tasks.o
 .text.prvAddCurrentTaskToDelayedList
                0x0800557c       0x88 Middlewares/Third_Party/FreeRTOS/Source/tasks.o
 .text.xTaskCreate
                0x08005604       0x62 Middlewares/Third_Party/FreeRTOS/Source/tasks.o
                0x08005604                xTaskCreate
 *fill*         0x08005666        0x2 
 .text.vTaskStartScheduler
                0x08005668       0x74 Middlewares/Third_Party/FreeRTOS/Source/tasks.o
                0x08005668                vTaskStartScheduler
 .text.vTaskSuspendAll
                0x080056dc       0x14 Middlewares/Third_Party/FreeRTOS/Source/tasks.o
                0x080056dc                vTaskSuspendAll
 .text.xTaskIncrementTick
                0x080056f0      0x10c Middlewares/Third_Party/FreeRTOS/Source/tasks.o
                0x080056f0                xTaskIncrementTick
 .text.xTaskResumeAll
                0x080057fc       0xf0 Middlewares/Third_Party/FreeRTOS/Source/tasks.o
                0x080057fc                xTaskResumeAll
 .text.vTaskDelay
                0x080058ec       0x4c Middlewares/Third_Party/FreeRTOS/Source/tasks.o
                0x080058ec                vTaskDelay
 .text.prvCheckTasksWaitingTermination
                0x08005938       0x54 Middlewares/Third_Party/FreeRTOS/Source/tasks.o
 .text.prvIdleTask
                0x0800598c       0x28 Middlewares/Third_Party/FreeRTOS/Source/tasks.o
 .text.vTaskSwitchContext
                0x080059b4       0x90 Middlewares/Third_Party/FreeRTOS/Source/tasks.o
                0x080059b4                vTaskSwitchContext
 .text.vTaskPlaceOnEventList
                0x08005a44       0x34 Middlewares/Third_Party/FreeRTOS/Source/tasks.o
                0x08005a44                vTaskPlaceOnEventList
 .text.xTaskRemoveFromEventList
                0x08005a78       0x84 Middlewares/Third_Party/FreeRTOS/Source/tasks.o
                0x08005a78                xTaskRemoveFromEventList
 .text.vTaskSetTimeOutState
                0x08005afc       0x28 Middlewares/Third_Party/FreeRTOS/Source/tasks.o
                0x08005afc                vTaskSetTimeOutState
 .text.xTaskCheckForTimeOut
                0x08005b24       0x80 Middlewares/Third_Party/FreeRTOS/Source/tasks.o
                0x08005b24                xTaskCheckForTimeOut
 .text.vTaskMissedYield
                0x08005ba4       0x10 Middlewares/Third_Party/FreeRTOS/Source/tasks.o
                0x08005ba4                vTaskMissedYield
 .text.xTaskGetSchedulerState
                0x08005bb4       0x20 Middlewares/Third_Party/FreeRTOS/Source/tasks.o
                0x08005bb4                xTaskGetSchedulerState
 .text.vTaskPriorityInherit
                0x08005bd4       0xac Middlewares/Third_Party/FreeRTOS/Source/tasks.o
                0x08005bd4                vTaskPriorityInherit
 .text.xTaskPriorityDisinherit
                0x08005c80       0xb0 Middlewares/Third_Party/FreeRTOS/Source/tasks.o
                0x08005c80                xTaskPriorityDisinherit
 .text.pvTaskIncrementMutexHeldCount
                0x08005d30       0x20 Middlewares/Third_Party/FreeRTOS/Source/tasks.o
                0x08005d30                pvTaskIncrementMutexHeldCount
 .text.prvTaskExitError
                0x08005d50       0x34 Middlewares/Third_Party/FreeRTOS/Source/portable/GCC/ARM_CM4F/port.o
 .text.prvPortStartFirstTask
                0x08005d84       0x20 Middlewares/Third_Party/FreeRTOS/Source/portable/GCC/ARM_CM4F/port.o
 .text.vPortEnableVFP
                0x08005da4       0x14 Middlewares/Third_Party/FreeRTOS/Source/portable/GCC/ARM_CM4F/port.o
 .text.pxPortInitialiseStack
                0x08005db8       0x2c Middlewares/Third_Party/FreeRTOS/Source/portable/GCC/ARM_CM4F/port.o
                0x08005db8                pxPortInitialiseStack
 *fill*         0x08005de4        0xc 
 .text.SVC_Handler
                0x08005df0       0x24 Middlewares/Third_Party/FreeRTOS/Source/portable/GCC/ARM_CM4F/port.o
                0x08005df0                SVC_Handler
 .text.vPortEnterCritical
                0x08005e14       0x44 Middlewares/Third_Party/FreeRTOS/Source/portable/GCC/ARM_CM4F/port.o
                0x08005e14                vPortEnterCritical
 .text.vPortExitCritical
                0x08005e58       0x2c Middlewares/Third_Party/FreeRTOS/Source/portable/GCC/ARM_CM4F/port.o
                0x08005e58                vPortExitCritical
 *fill*         0x08005e84        0xc 
 .text.PendSV_Handler
                0x08005e90       0x64 Middlewares/Third_Party/FreeRTOS/Source/portable/GCC/ARM_CM4F/port.o
                0x08005e90                PendSV_Handler
 .text.xPortSysTickHandler
                0x08005ef4       0x2c Middlewares/Third_Party/FreeRTOS/Source/portable/GCC/ARM_CM4F/port.o
                0x08005ef4                xPortSysTickHandler
 .text.vPortSetupTimerInterrupt
                0x08005f20       0x2c Middlewares/Third_Party/FreeRTOS/Source/portable/GCC/ARM_CM4F/port.o
                0x08005f20                vPortSetupTimerInterrupt
 .text.xPortStartScheduler
                0x08005f4c       0xe8 Middlewares/Third_Party/FreeRTOS/Source/portable/GCC/ARM_CM4F/port.o
                0x08005f4c                xPortStartScheduler
 .text.vPortValidateInterruptPriority
                0x08006034       0x58 Middlewares/Third_Party/FreeRTOS/Source/portable/GCC/ARM_CM4F/port.o
                0x08006034                vPortValidateInterruptPriority
 .text.prvHeapInit
                0x0800608c       0x4c Middlewares/Third_Party/FreeRTOS/Source/portable/MemMang/heap_4.o
 .text.prvInsertBlockIntoFreeList
                0x080060d8       0x54 Middlewares/Third_Party/FreeRTOS/Source/portable/MemMang/heap_4.o
 .text.pvPortMalloc
                0x0800612c       0xf4 Middlewares/Third_Party/FreeRTOS/Source/portable/MemMang/heap_4.o
                0x0800612c                pvPortMalloc
 .text.vPortFree
                0x08006220       0x6c Middlewares/Third_Party/FreeRTOS/Source/portable/MemMang/heap_4.o
                0x08006220                vPortFree
 .text.humidityTask
                0x0800628c       0x48 Src/main.o
                0x0800628c                humidityTask
 .text.MX_GPIO_Init
                0x080062d4      0x180 Src/main.o
 .text.StartDefaultTask
                0x08006454       0x24 Src/main.o
                0x08006454                StartDefaultTask
 .text._Error_Handler
                0x08006478        0x2 Src/main.o
                0x08006478                _Error_Handler
 *fill*         0x0800647a        0x2 
 .text.MX_I2C1_Init
                0x0800647c       0x44 Src/main.o
 .text.MX_I2S3_Init
                0x080064c0       0x44 Src/main.o
 .text.MX_SPI1_Init
                0x08006504       0x48 Src/main.o
 .text.MX_USART3_UART_Init
                0x0800654c       0x3c Src/main.o
 .text.MX_USART2_UART_Init
                0x08006588       0x3c Src/main.o
 .text.MX_ADC2_Init
                0x080065c4       0x74 Src/main.o
 .text.MX_ADC1_Init
                0x08006638       0x74 Src/main.o
 .text.SystemClock_Config
                0x080066ac       0xe8 Src/main.o
                0x080066ac                SystemClock_Config
 .text.main     0x08006794       0x68 Src/main.o
                0x08006794                main
 .text.HAL_MspInit
                0x080067fc       0x94 Src/stm32f4xx_hal_msp.o
                0x080067fc                HAL_MspInit
 .text.HAL_ADC_MspInit
                0x08006890       0x84 Src/stm32f4xx_hal_msp.o
                0x08006890                HAL_ADC_MspInit
 .text.HAL_I2C_MspInit
                0x08006914       0x54 Src/stm32f4xx_hal_msp.o
                0x08006914                HAL_I2C_MspInit
 .text.HAL_I2S_MspInit
                0x08006968       0x68 Src/stm32f4xx_hal_msp.o
                0x08006968                HAL_I2S_MspInit
 .text.HAL_SPI_MspInit
                0x080069d0       0x50 Src/stm32f4xx_hal_msp.o
                0x080069d0                HAL_SPI_MspInit
 .text.HAL_UART_MspInit
                0x08006a20       0xdc Src/stm32f4xx_hal_msp.o
                0x08006a20                HAL_UART_MspInit
 .text.NMI_Handler
                0x08006afc        0x2 Src/stm32f4xx_it.o
                0x08006afc                NMI_Handler
 .text.HardFault_Handler
                0x08006afe        0x2 Src/stm32f4xx_it.o
                0x08006afe                HardFault_Handler
 .text.MemManage_Handler
                0x08006b00        0x2 Src/stm32f4xx_it.o
                0x08006b00                MemManage_Handler
 .text.BusFault_Handler
                0x08006b02        0x2 Src/stm32f4xx_it.o
                0x08006b02                BusFault_Handler
 .text.UsageFault_Handler
                0x08006b04        0x2 Src/stm32f4xx_it.o
                0x08006b04                UsageFault_Handler
 .text.DebugMon_Handler
                0x08006b06        0x2 Src/stm32f4xx_it.o
                0x08006b06                DebugMon_Handler
 .text.SysTick_Handler
                0x08006b08        0xc Src/stm32f4xx_it.o
                0x08006b08                SysTick_Handler
 .text.USART2_IRQHandler
                0x08006b14       0x10 Src/stm32f4xx_it.o
                0x08006b14                USART2_IRQHandler
 .text.USART3_IRQHandler
                0x08006b24       0x10 Src/stm32f4xx_it.o
                0x08006b24                USART3_IRQHandler
 .text.OTG_FS_IRQHandler
                0x08006b34       0x10 Src/stm32f4xx_it.o
                0x08006b34                OTG_FS_IRQHandler
 .text.SystemInit
                0x08006b44       0x4c Src/system_stm32f4xx.o
                0x08006b44                SystemInit
 .text.USBH_UserProcess
                0x08006b90       0x2c Src/usb_host.o
 .text.MX_USB_HOST_Init
                0x08006bbc       0x2c Src/usb_host.o
                0x08006bbc                MX_USB_HOST_Init
 .text.HAL_HCD_MspInit
                0x08006be8       0x78 Src/usbh_conf.o
                0x08006be8                HAL_HCD_MspInit
 .text.HAL_HCD_SOF_Callback
                0x08006c60        0xc Src/usbh_conf.o
                0x08006c60                HAL_HCD_SOF_Callback
 .text.HAL_HCD_Connect_Callback
                0x08006c6c        0xc Src/usbh_conf.o
                0x08006c6c                HAL_HCD_Connect_Callback
 .text.HAL_HCD_Disconnect_Callback
                0x08006c78        0xc Src/usbh_conf.o
                0x08006c78                HAL_HCD_Disconnect_Callback
 .text.HAL_HCD_HC_NotifyURBChange_Callback
                0x08006c84        0xc Src/usbh_conf.o
                0x08006c84                HAL_HCD_HC_NotifyURBChange_Callback
 .text.USBH_LL_Init
                0x08006c90       0x5c Src/usbh_conf.o
                0x08006c90                USBH_LL_Init
 .text.USBH_LL_Start
                0x08006cec       0x1c Src/usbh_conf.o
                0x08006cec                USBH_LL_Start
 .text.USBH_LL_Stop
                0x08006d08       0x1c Src/usbh_conf.o
                0x08006d08                USBH_LL_Stop
 .text.USBH_LL_GetSpeed
                0x08006d24       0x1c Src/usbh_conf.o
                0x08006d24                USBH_LL_GetSpeed
 .text.USBH_LL_ResetPort
                0x08006d40       0x1c Src/usbh_conf.o
                0x08006d40                USBH_LL_ResetPort
 .text.USBH_LL_GetLastXferSize
                0x08006d5c        0xc Src/usbh_conf.o
                0x08006d5c                USBH_LL_GetLastXferSize
 .text.USBH_LL_OpenPipe
                0x08006d68       0x32 Src/usbh_conf.o
                0x08006d68                USBH_LL_OpenPipe
 .text.USBH_LL_ClosePipe
                0x08006d9a       0x1c Src/usbh_conf.o
                0x08006d9a                USBH_LL_ClosePipe
 .text.USBH_LL_SubmitURB
                0x08006db6       0x36 Src/usbh_conf.o
                0x08006db6                USBH_LL_SubmitURB
 .text.USBH_LL_GetURBState
                0x08006dec        0xc Src/usbh_conf.o
                0x08006dec                USBH_LL_GetURBState
 .text.USBH_LL_DriverVBUS
                0x08006df8       0x1c Src/usbh_conf.o
                0x08006df8                USBH_LL_DriverVBUS
 .text.USBH_LL_SetToggle
                0x08006e14       0x32 Src/usbh_conf.o
                0x08006e14                USBH_LL_SetToggle
 .text.USBH_Delay
                0x08006e46        0x8 Src/usbh_conf.o
                0x08006e46                USBH_Delay
 *fill*         0x08006e4e        0x2 
 .text.MX_DriverVbusFS
                0x08006e50       0x18 Src/usbh_platform.o
                0x08006e50                MX_DriverVbusFS
 .text.Reset_Handler
                0x08006e68       0x50 startup/startup_stm32f407xx.o
                0x08006e68                Reset_Handler
 .text.Default_Handler
                0x08006eb8        0x2 startup/startup_stm32f407xx.o
                0x08006eb8                RTC_Alarm_IRQHandler
                0x08006eb8                HASH_RNG_IRQHandler
                0x08006eb8                EXTI2_IRQHandler
                0x08006eb8                TIM8_CC_IRQHandler
                0x08006eb8                TIM1_CC_IRQHandler
                0x08006eb8                DMA2_Stream5_IRQHandler
                0x08006eb8                DMA1_Stream5_IRQHandler
                0x08006eb8                PVD_IRQHandler
                0x08006eb8                SDIO_IRQHandler
                0x08006eb8                TAMP_STAMP_IRQHandler
                0x08006eb8                CAN2_RX1_IRQHandler
                0x08006eb8                EXTI3_IRQHandler
                0x08006eb8                TIM8_TRG_COM_TIM14_IRQHandler
                0x08006eb8                TIM1_UP_TIM10_IRQHandler
                0x08006eb8                TIM8_UP_TIM13_IRQHandler
                0x08006eb8                I2C3_ER_IRQHandler
                0x08006eb8                EXTI0_IRQHandler
                0x08006eb8                I2C2_EV_IRQHandler
                0x08006eb8                DMA1_Stream2_IRQHandler
                0x08006eb8                CAN1_RX0_IRQHandler
                0x08006eb8                FPU_IRQHandler
                0x08006eb8                OTG_HS_WKUP_IRQHandler
                0x08006eb8                CAN2_SCE_IRQHandler
                0x08006eb8                DMA2_Stream2_IRQHandler
                0x08006eb8                SPI1_IRQHandler
                0x08006eb8                TIM6_DAC_IRQHandler
                0x08006eb8                TIM1_BRK_TIM9_IRQHandler
                0x08006eb8                DCMI_IRQHandler
                0x08006eb8                CAN2_RX0_IRQHandler
                0x08006eb8                DMA2_Stream3_IRQHandler
                0x08006eb8                USART6_IRQHandler
                0x08006eb8                CAN1_RX1_IRQHandler
                0x08006eb8                UART5_IRQHandler
                0x08006eb8                DMA2_Stream0_IRQHandler
                0x08006eb8                TIM4_IRQHandler
                0x08006eb8                I2C1_EV_IRQHandler
                0x08006eb8                DMA1_Stream6_IRQHandler
                0x08006eb8                DMA1_Stream1_IRQHandler
                0x08006eb8                UART4_IRQHandler
                0x08006eb8                TIM3_IRQHandler
                0x08006eb8                RCC_IRQHandler
                0x08006eb8                TIM8_BRK_TIM12_IRQHandler
                0x08006eb8                Default_Handler
                0x08006eb8                EXTI15_10_IRQHandler
                0x08006eb8                ADC_IRQHandler
                0x08006eb8                DMA1_Stream7_IRQHandler
                0x08006eb8                TIM7_IRQHandler
                0x08006eb8                CAN2_TX_IRQHandler
                0x08006eb8                TIM5_IRQHandler
                0x08006eb8                DMA2_Stream7_IRQHandler
                0x08006eb8                I2C3_EV_IRQHandler
                0x08006eb8                EXTI9_5_IRQHandler
                0x08006eb8                RTC_WKUP_IRQHandler
                0x08006eb8                ETH_WKUP_IRQHandler
                0x08006eb8                SPI2_IRQHandler
                0x08006eb8                OTG_HS_EP1_IN_IRQHandler
                0x08006eb8                DMA1_Stream0_IRQHandler
                0x08006eb8                CAN1_TX_IRQHandler
                0x08006eb8                EXTI4_IRQHandler
                0x08006eb8                FSMC_IRQHandler
                0x08006eb8                ETH_IRQHandler
                0x08006eb8                OTG_HS_EP1_OUT_IRQHandler
                0x08006eb8                WWDG_IRQHandler
                0x08006eb8                TIM2_IRQHandler
                0x08006eb8                OTG_FS_WKUP_IRQHandler
                0x08006eb8                TIM1_TRG_COM_TIM11_IRQHandler
                0x08006eb8                OTG_HS_IRQHandler
                0x08006eb8                EXTI1_IRQHandler
                0x08006eb8                I2C2_ER_IRQHandler
                0x08006eb8                DMA2_Stream1_IRQHandler
                0x08006eb8                CAN1_SCE_IRQHandler
                0x08006eb8                FLASH_IRQHandler
                0x08006eb8                DMA2_Stream4_IRQHandler
                0x08006eb8                USART1_IRQHandler
                0x08006eb8                SPI3_IRQHandler
                0x08006eb8                DMA1_Stream4_IRQHandler
                0x08006eb8                I2C1_ER_IRQHandler
                0x08006eb8                DMA2_Stream6_IRQHandler
                0x08006eb8                DMA1_Stream3_IRQHandler
 *fill*         0x08006eba        0x2 
 .text.__libc_init_array
                0x08006ebc       0x48 c:/ac6/systemworkbench/plugins/fr.ac6.mcu.externaltools.arm-none.win32_1.16.0.201807130628/tools/compiler/bin/../lib/gcc/arm-none-eabi/7.2.1/../../../../arm-none-eabi/lib/thumb/v7e-m/fpv4-sp/hard\libc_nano.a(lib_a-init.o)
                0x08006ebc                __libc_init_array
 .text.malloc   0x08006f04       0x10 c:/ac6/systemworkbench/plugins/fr.ac6.mcu.externaltools.arm-none.win32_1.16.0.201807130628/tools/compiler/bin/../lib/gcc/arm-none-eabi/7.2.1/../../../../arm-none-eabi/lib/thumb/v7e-m/fpv4-sp/hard\libc_nano.a(lib_a-malloc.o)
                0x08006f04                malloc
 .text.free     0x08006f14       0x10 c:/ac6/systemworkbench/plugins/fr.ac6.mcu.externaltools.arm-none.win32_1.16.0.201807130628/tools/compiler/bin/../lib/gcc/arm-none-eabi/7.2.1/../../../../arm-none-eabi/lib/thumb/v7e-m/fpv4-sp/hard\libc_nano.a(lib_a-malloc.o)
                0x08006f14                free
 .text.memcpy   0x08006f24       0x16 c:/ac6/systemworkbench/plugins/fr.ac6.mcu.externaltools.arm-none.win32_1.16.0.201807130628/tools/compiler/bin/../lib/gcc/arm-none-eabi/7.2.1/../../../../arm-none-eabi/lib/thumb/v7e-m/fpv4-sp/hard\libc_nano.a(lib_a-memcpy-stub.o)
                0x08006f24                memcpy
 *fill*         0x08006f3a        0x2 
 .text._free_r  0x08006f3c       0x9c c:/ac6/systemworkbench/plugins/fr.ac6.mcu.externaltools.arm-none.win32_1.16.0.201807130628/tools/compiler/bin/../lib/gcc/arm-none-eabi/7.2.1/../../../../arm-none-eabi/lib/thumb/v7e-m/fpv4-sp/hard\libc_nano.a(lib_a-nano-freer.o)
                0x08006f3c                _free_r
 .text._malloc_r
                0x08006fd8       0xb4 c:/ac6/systemworkbench/plugins/fr.ac6.mcu.externaltools.arm-none.win32_1.16.0.201807130628/tools/compiler/bin/../lib/gcc/arm-none-eabi/7.2.1/../../../../arm-none-eabi/lib/thumb/v7e-m/fpv4-sp/hard\libc_nano.a(lib_a-nano-mallocr.o)
                0x08006fd8                _malloc_r
 .text._sbrk_r  0x0800708c       0x20 c:/ac6/systemworkbench/plugins/fr.ac6.mcu.externaltools.arm-none.win32_1.16.0.201807130628/tools/compiler/bin/../lib/gcc/arm-none-eabi/7.2.1/../../../../arm-none-eabi/lib/thumb/v7e-m/fpv4-sp/hard\libc_nano.a(lib_a-sbrkr.o)
                0x0800708c                _sbrk_r
 .text.sprintf  0x080070ac       0x40 c:/ac6/systemworkbench/plugins/fr.ac6.mcu.externaltools.arm-none.win32_1.16.0.201807130628/tools/compiler/bin/../lib/gcc/arm-none-eabi/7.2.1/../../../../arm-none-eabi/lib/thumb/v7e-m/fpv4-sp/hard\libc_nano.a(lib_a-sprintf.o)
                0x080070ac                siprintf
                0x080070ac                sprintf
 .text.__malloc_lock
                0x080070ec        0x2 c:/ac6/systemworkbench/plugins/fr.ac6.mcu.externaltools.arm-none.win32_1.16.0.201807130628/tools/compiler/bin/../lib/gcc/arm-none-eabi/7.2.1/../../../../arm-none-eabi/lib/thumb/v7e-m/fpv4-sp/hard\libc_nano.a(lib_a-mlock.o)
                0x080070ec                __malloc_lock
 .text.__malloc_unlock
                0x080070ee        0x2 c:/ac6/systemworkbench/plugins/fr.ac6.mcu.externaltools.arm-none.win32_1.16.0.201807130628/tools/compiler/bin/../lib/gcc/arm-none-eabi/7.2.1/../../../../arm-none-eabi/lib/thumb/v7e-m/fpv4-sp/hard\libc_nano.a(lib_a-mlock.o)
                0x080070ee                __malloc_unlock
 .text.__ssputs_r
                0x080070f0       0xb4 c:/ac6/systemworkbench/plugins/fr.ac6.mcu.externaltools.arm-none.win32_1.16.0.201807130628/tools/compiler/bin/../lib/gcc/arm-none-eabi/7.2.1/../../../../arm-none-eabi/lib/thumb/v7e-m/fpv4-sp/hard\libc_nano.a(lib_a-nano-svfprintf.o)
                0x080070f0                __ssputs_r
 .text._svfprintf_r
                0x080071a4      0x1ec c:/ac6/systemworkbench/plugins/fr.ac6.mcu.externaltools.arm-none.win32_1.16.0.201807130628/tools/compiler/bin/../lib/gcc/arm-none-eabi/7.2.1/../../../../arm-none-eabi/lib/thumb/v7e-m/fpv4-sp/hard\libc_nano.a(lib_a-nano-svfprintf.o)
                0x080071a4                _svfiprintf_r
                0x080071a4                _svfprintf_r
 .text._printf_common
                0x08007390       0xea c:/ac6/systemworkbench/plugins/fr.ac6.mcu.externaltools.arm-none.win32_1.16.0.201807130628/tools/compiler/bin/../lib/gcc/arm-none-eabi/7.2.1/../../../../arm-none-eabi/lib/thumb/v7e-m/fpv4-sp/hard\libc_nano.a(lib_a-nano-vfprintf_i.o)
                0x08007390                _printf_common
 *fill*         0x0800747a        0x2 
 .text._printf_i
                0x0800747c      0x224 c:/ac6/systemworkbench/plugins/fr.ac6.mcu.externaltools.arm-none.win32_1.16.0.201807130628/tools/compiler/bin/../lib/gcc/arm-none-eabi/7.2.1/../../../../arm-none-eabi/lib/thumb/v7e-m/fpv4-sp/hard\libc_nano.a(lib_a-nano-vfprintf_i.o)
                0x0800747c                _printf_i
 .text.memmove  0x080076a0       0x32 c:/ac6/systemworkbench/plugins/fr.ac6.mcu.externaltools.arm-none.win32_1.16.0.201807130628/tools/compiler/bin/../lib/gcc/arm-none-eabi/7.2.1/../../../../arm-none-eabi/lib/thumb/v7e-m/fpv4-sp/hard\libc_nano.a(lib_a-memmove.o)
                0x080076a0                memmove
 .text._realloc_r
                0x080076d2       0x4c c:/ac6/systemworkbench/plugins/fr.ac6.mcu.externaltools.arm-none.win32_1.16.0.201807130628/tools/compiler/bin/../lib/gcc/arm-none-eabi/7.2.1/../../../../arm-none-eabi/lib/thumb/v7e-m/fpv4-sp/hard\libc_nano.a(lib_a-nano-reallocr.o)
                0x080076d2                _realloc_r
 .text._malloc_usable_size_r
                0x0800771e       0x10 c:/ac6/systemworkbench/plugins/fr.ac6.mcu.externaltools.arm-none.win32_1.16.0.201807130628/tools/compiler/bin/../lib/gcc/arm-none-eabi/7.2.1/../../../../arm-none-eabi/lib/thumb/v7e-m/fpv4-sp/hard\libc_nano.a(lib_a-nano-msizer.o)
                0x0800771e                _malloc_usable_size_r
 *fill*         0x0800772e        0x2 
 .text._sbrk    0x08007730       0x1c c:/ac6/systemworkbench/plugins/fr.ac6.mcu.externaltools.arm-none.win32_1.16.0.201807130628/tools/compiler/bin/../lib/gcc/arm-none-eabi/7.2.1/../../../../arm-none-eabi/lib/thumb/v7e-m/fpv4-sp/hard\libnosys.a(sbrk.o)
                0x08007730                _sbrk
 *(.glue_7)
 .glue_7        0x0800774c        0x0 linker stubs
 *(.glue_7t)
 .glue_7t       0x0800774c        0x0 linker stubs
 *(.eh_frame)
 .eh_frame      0x0800774c        0x0 c:/ac6/systemworkbench/plugins/fr.ac6.mcu.externaltools.arm-none.win32_1.16.0.201807130628/tools/compiler/bin/../lib/gcc/arm-none-eabi/7.2.1/thumb/v7e-m/fpv4-sp/hard/crtbegin.o
 *(.init)
 .init          0x0800774c        0x4 c:/ac6/systemworkbench/plugins/fr.ac6.mcu.externaltools.arm-none.win32_1.16.0.201807130628/tools/compiler/bin/../lib/gcc/arm-none-eabi/7.2.1/thumb/v7e-m/fpv4-sp/hard/crti.o
                0x0800774c                _init
 .init          0x08007750        0x8 c:/ac6/systemworkbench/plugins/fr.ac6.mcu.externaltools.arm-none.win32_1.16.0.201807130628/tools/compiler/bin/../lib/gcc/arm-none-eabi/7.2.1/thumb/v7e-m/fpv4-sp/hard/crtn.o
 *(.fini)
 .fini          0x08007758        0x4 c:/ac6/systemworkbench/plugins/fr.ac6.mcu.externaltools.arm-none.win32_1.16.0.201807130628/tools/compiler/bin/../lib/gcc/arm-none-eabi/7.2.1/thumb/v7e-m/fpv4-sp/hard/crti.o
                0x08007758                _fini
 .fini          0x0800775c        0x8 c:/ac6/systemworkbench/plugins/fr.ac6.mcu.externaltools.arm-none.win32_1.16.0.201807130628/tools/compiler/bin/../lib/gcc/arm-none-eabi/7.2.1/thumb/v7e-m/fpv4-sp/hard/crtn.o
                0x08007764                . = ALIGN (0x4)
                0x08007764                _etext = .

.vfp11_veneer   0x08007764        0x0
 .vfp11_veneer  0x08007764        0x0 linker stubs

.v4_bx          0x08007764        0x0
 .v4_bx         0x08007764        0x0 linker stubs

.iplt           0x08007764        0x0
 .iplt          0x08007764        0x0 c:/ac6/systemworkbench/plugins/fr.ac6.mcu.externaltools.arm-none.win32_1.16.0.201807130628/tools/compiler/bin/../lib/gcc/arm-none-eabi/7.2.1/thumb/v7e-m/fpv4-sp/hard/crtbegin.o

.rodata         0x08007764       0xec
                0x08007764                . = ALIGN (0x4)
 *(.rodata)
 .rodata        0x08007764       0x1c Middlewares/ST/STM32_USB_Host_Library/Core/Src/usbh_core.o
 .rodata        0x08007780       0x28 Src/main.o
 .rodata        0x080077a8       0x18 Src/system_stm32f4xx.o
                0x080077a8                AHBPrescTable
                0x080077b8                APBPrescTable
 *(.rodata*)
 .rodata.str1.4
                0x080077c0        0x4 Middlewares/ST/STM32_USB_Host_Library/Class/CDC/Src/usbh_cdc.o
 .rodata.str1.4
                0x080077c4        0xc Middlewares/ST/STM32_USB_Host_Library/Core/Src/usbh_core.o
 .rodata.str1.4
                0x080077d0        0x5 Middlewares/Third_Party/FreeRTOS/Source/tasks.o
 *fill*         0x080077d5        0x3 
 .rodata.str1.4
                0x080077d8       0x30 Src/main.o
 .rodata.str1.4
                0x08007808       0x14 Src/usbh_conf.o
                                 0x13 (size before relaxing)
 .rodata._svfprintf_r.str1.1
                0x0800781c       0x11 c:/ac6/systemworkbench/plugins/fr.ac6.mcu.externaltools.arm-none.win32_1.16.0.201807130628/tools/compiler/bin/../lib/gcc/arm-none-eabi/7.2.1/../../../../arm-none-eabi/lib/thumb/v7e-m/fpv4-sp/hard\libc_nano.a(lib_a-nano-svfprintf.o)
 .rodata._printf_i.str1.1
                0x0800782d       0x22 c:/ac6/systemworkbench/plugins/fr.ac6.mcu.externaltools.arm-none.win32_1.16.0.201807130628/tools/compiler/bin/../lib/gcc/arm-none-eabi/7.2.1/../../../../arm-none-eabi/lib/thumb/v7e-m/fpv4-sp/hard\libc_nano.a(lib_a-nano-vfprintf_i.o)
                0x08007850                . = ALIGN (0x4)
 *fill*         0x0800784f        0x1 

.ARM.extab
 *(.ARM.extab* .gnu.linkonce.armextab.*)

.ARM            0x08007850        0x8
                0x08007850                __exidx_start = .
 *(.ARM.exidx*)
 .ARM.exidx     0x08007850        0x8 c:/ac6/systemworkbench/plugins/fr.ac6.mcu.externaltools.arm-none.win32_1.16.0.201807130628/tools/compiler/bin/../lib/gcc/arm-none-eabi/7.2.1/thumb/v7e-m/fpv4-sp/hard\libgcc.a(_udivmoddi4.o)
                0x08007858                __exidx_end = .

.rel.dyn        0x08007858        0x0
 .rel.iplt      0x08007858        0x0 c:/ac6/systemworkbench/plugins/fr.ac6.mcu.externaltools.arm-none.win32_1.16.0.201807130628/tools/compiler/bin/../lib/gcc/arm-none-eabi/7.2.1/thumb/v7e-m/fpv4-sp/hard/crtbegin.o

.preinit_array  0x08007858        0x0
                0x08007858                PROVIDE (__preinit_array_start, .)
 *(.preinit_array*)
                0x08007858                PROVIDE (__preinit_array_end, .)

.init_array     0x08007858        0x4
                0x08007858                PROVIDE (__init_array_start, .)
 *(SORT_BY_NAME(.init_array.*))
 *(.init_array*)
 .init_array    0x08007858        0x4 c:/ac6/systemworkbench/plugins/fr.ac6.mcu.externaltools.arm-none.win32_1.16.0.201807130628/tools/compiler/bin/../lib/gcc/arm-none-eabi/7.2.1/thumb/v7e-m/fpv4-sp/hard/crtbegin.o
                0x0800785c                PROVIDE (__init_array_end, .)

.fini_array     0x0800785c        0x4
                [!provide]                PROVIDE (__fini_array_start, .)
 *(SORT_BY_NAME(.fini_array.*))
 *(.fini_array*)
 .fini_array    0x0800785c        0x4 c:/ac6/systemworkbench/plugins/fr.ac6.mcu.externaltools.arm-none.win32_1.16.0.201807130628/tools/compiler/bin/../lib/gcc/arm-none-eabi/7.2.1/thumb/v7e-m/fpv4-sp/hard/crtbegin.o
                [!provide]                PROVIDE (__fini_array_end, .)
                0x08007860                _sidata = LOADADDR (.data)

.data           0x20000000       0xa4 load address 0x08007860
                0x20000000                . = ALIGN (0x4)
                0x20000000                _sdata = .
 *(.data)
 .data          0x20000000        0x8 Drivers/STM32F4xx_HAL_Driver/Src/stm32f4xx_hal.o
                0x20000000                uwTickFreq
                0x20000004                uwTickPrio
 .data          0x20000008       0x20 Middlewares/ST/STM32_USB_Host_Library/Class/CDC/Src/usbh_cdc.o
                0x20000008                CDC_Class
 .data          0x20000028        0x4 Middlewares/Third_Party/FreeRTOS/Source/portable/GCC/ARM_CM4F/port.o
 .data          0x2000002c        0xd Src/main.o
                0x2000002c                current_humidity
                0x20000034                message
 *fill*         0x20000039        0x3 
 .data          0x2000003c        0x4 Src/system_stm32f4xx.o
                0x2000003c                SystemCoreClock
 *(.data*)
 .data._impure_ptr
                0x20000040        0x4 c:/ac6/systemworkbench/plugins/fr.ac6.mcu.externaltools.arm-none.win32_1.16.0.201807130628/tools/compiler/bin/../lib/gcc/arm-none-eabi/7.2.1/../../../../arm-none-eabi/lib/thumb/v7e-m/fpv4-sp/hard\libc_nano.a(lib_a-impure.o)
                0x20000040                _impure_ptr
 .data.impure_data
                0x20000044       0x60 c:/ac6/systemworkbench/plugins/fr.ac6.mcu.externaltools.arm-none.win32_1.16.0.201807130628/tools/compiler/bin/../lib/gcc/arm-none-eabi/7.2.1/../../../../arm-none-eabi/lib/thumb/v7e-m/fpv4-sp/hard\libc_nano.a(lib_a-impure.o)
                0x200000a4                . = ALIGN (0x4)
                0x200000a4                _edata = .
                0x08007904                _siccmram = LOADADDR (.ccmram)

.igot.plt       0x200000a4        0x0 load address 0x08007904
 .igot.plt      0x200000a4        0x0 c:/ac6/systemworkbench/plugins/fr.ac6.mcu.externaltools.arm-none.win32_1.16.0.201807130628/tools/compiler/bin/../lib/gcc/arm-none-eabi/7.2.1/thumb/v7e-m/fpv4-sp/hard/crtbegin.o

.ccmram         0x10000000        0x0 load address 0x08007904
                0x10000000                . = ALIGN (0x4)
                0x10000000                _sccmram = .
 *(.ccmram)
 *(.ccmram*)
                0x10000000                . = ALIGN (0x4)
                0x10000000                _eccmram = .
                0x10000000                . = ALIGN (0x4)

.bss            0x200000a4     0x45f4
                0x200000a4                _sbss = .
                0x200000a4                __bss_start__ = _sbss
 *(.bss)
 .bss           0x200000a4       0x1c c:/ac6/systemworkbench/plugins/fr.ac6.mcu.externaltools.arm-none.win32_1.16.0.201807130628/tools/compiler/bin/../lib/gcc/arm-none-eabi/7.2.1/thumb/v7e-m/fpv4-sp/hard/crtbegin.o
 .bss           0x200000c0      0x12c Middlewares/Third_Party/FreeRTOS/Source/tasks.o
                0x200001c0                pxCurrentTCB
 .bss           0x200001ec        0x8 Middlewares/Third_Party/FreeRTOS/Source/portable/GCC/ARM_CM4F/port.o
 .bss           0x200001f4     0x3c18 Middlewares/Third_Party/FreeRTOS/Source/portable/MemMang/heap_4.o
 .bss           0x20003e0c        0x1 Src/usb_host.o
                0x20003e0c                Appli_state
 *(.bss*)
 *fill*         0x20003e0d        0x3 
 .bss.__malloc_free_list
                0x20003e10        0x4 c:/ac6/systemworkbench/plugins/fr.ac6.mcu.externaltools.arm-none.win32_1.16.0.201807130628/tools/compiler/bin/../lib/gcc/arm-none-eabi/7.2.1/../../../../arm-none-eabi/lib/thumb/v7e-m/fpv4-sp/hard\libc_nano.a(lib_a-nano-mallocr.o)
                0x20003e10                __malloc_free_list
 .bss.__malloc_sbrk_start
                0x20003e14        0x4 c:/ac6/systemworkbench/plugins/fr.ac6.mcu.externaltools.arm-none.win32_1.16.0.201807130628/tools/compiler/bin/../lib/gcc/arm-none-eabi/7.2.1/../../../../arm-none-eabi/lib/thumb/v7e-m/fpv4-sp/hard\libc_nano.a(lib_a-nano-mallocr.o)
                0x20003e14                __malloc_sbrk_start
 .bss.heap_end.5377
                0x20003e18        0x4 c:/ac6/systemworkbench/plugins/fr.ac6.mcu.externaltools.arm-none.win32_1.16.0.201807130628/tools/compiler/bin/../lib/gcc/arm-none-eabi/7.2.1/../../../../arm-none-eabi/lib/thumb/v7e-m/fpv4-sp/hard\libnosys.a(sbrk.o)
 *(COMMON)
 COMMON         0x20003e1c        0x4 Drivers/STM32F4xx_HAL_Driver/Src/stm32f4xx_hal.o
                0x20003e1c                uwTick
 COMMON         0x20003e20      0x20c Src/main.o
                0x20003e20                defaultTaskHandle
                0x20003e24                huart3
                0x20003e64                hadc2
                0x20003eac                hi2c1
                0x20003f00                humidResult
                0x20003f04                hadc1
                0x20003f4c                hspi1
                0x20003fa4                huart2
                0x20003fe4                hi2s3
 COMMON         0x2000402c      0x3d0 Src/usb_host.o
                0x2000402c                hUsbHostFS
 COMMON         0x200043fc      0x298 Src/usbh_conf.o
                0x200043fc                hhcd_USB_OTG_FS
 COMMON         0x20004694        0x4 c:/ac6/systemworkbench/plugins/fr.ac6.mcu.externaltools.arm-none.win32_1.16.0.201807130628/tools/compiler/bin/../lib/gcc/arm-none-eabi/7.2.1/../../../../arm-none-eabi/lib/thumb/v7e-m/fpv4-sp/hard\libc_nano.a(lib_a-reent.o)
                0x20004694                errno
                0x20004698                . = ALIGN (0x4)
                0x20004698                _ebss = .
                0x20004698                __bss_end__ = _ebss

._user_heap_stack
                0x20004698      0x600
                0x20004698                . = ALIGN (0x8)
                0x20004698                PROVIDE (end, .)
                [!provide]                PROVIDE (_end, .)
                0x20004898                . = (. + _Min_Heap_Size)
 *fill*         0x20004698      0x200 
                0x20004c98                . = (. + _Min_Stack_Size)
 *fill*         0x20004898      0x400 
                0x20004c98                . = ALIGN (0x8)

/DISCARD/
 libc.a(*)
 libm.a(*)
 libgcc.a(*)

.ARM.attributes
                0x00000000       0x30
 *(.ARM.attributes)
 .ARM.attributes
                0x00000000       0x22 c:/ac6/systemworkbench/plugins/fr.ac6.mcu.externaltools.arm-none.win32_1.16.0.201807130628/tools/compiler/bin/../lib/gcc/arm-none-eabi/7.2.1/thumb/v7e-m/fpv4-sp/hard/crti.o
 .ARM.attributes
                0x00000022       0x34 c:/ac6/systemworkbench/plugins/fr.ac6.mcu.externaltools.arm-none.win32_1.16.0.201807130628/tools/compiler/bin/../lib/gcc/arm-none-eabi/7.2.1/thumb/v7e-m/fpv4-sp/hard/crtbegin.o
 .ARM.attributes
                0x00000056       0x39 Drivers/STM32F4xx_HAL_Driver/Src/stm32f4xx_hal.o
 .ARM.attributes
                0x0000008f       0x39 Drivers/STM32F4xx_HAL_Driver/Src/stm32f4xx_hal_adc.o
 .ARM.attributes
                0x000000c8       0x39 Drivers/STM32F4xx_HAL_Driver/Src/stm32f4xx_hal_cortex.o
 .ARM.attributes
                0x00000101       0x39 Drivers/STM32F4xx_HAL_Driver/Src/stm32f4xx_hal_dma.o
 .ARM.attributes
                0x0000013a       0x39 Drivers/STM32F4xx_HAL_Driver/Src/stm32f4xx_hal_gpio.o
 .ARM.attributes
                0x00000173       0x39 Drivers/STM32F4xx_HAL_Driver/Src/stm32f4xx_hal_hcd.o
 .ARM.attributes
                0x000001ac       0x39 Drivers/STM32F4xx_HAL_Driver/Src/stm32f4xx_hal_i2c.o
 .ARM.attributes
                0x000001e5       0x39 Drivers/STM32F4xx_HAL_Driver/Src/stm32f4xx_hal_i2s.o
 .ARM.attributes
                0x0000021e       0x39 Drivers/STM32F4xx_HAL_Driver/Src/stm32f4xx_hal_i2s_ex.o
 .ARM.attributes
                0x00000257       0x39 Drivers/STM32F4xx_HAL_Driver/Src/stm32f4xx_hal_rcc.o
 .ARM.attributes
                0x00000290       0x39 Drivers/STM32F4xx_HAL_Driver/Src/stm32f4xx_hal_rcc_ex.o
 .ARM.attributes
                0x000002c9       0x39 Drivers/STM32F4xx_HAL_Driver/Src/stm32f4xx_hal_spi.o
 .ARM.attributes
                0x00000302       0x39 Drivers/STM32F4xx_HAL_Driver/Src/stm32f4xx_hal_uart.o
 .ARM.attributes
                0x0000033b       0x39 Drivers/STM32F4xx_HAL_Driver/Src/stm32f4xx_ll_usb.o
 .ARM.attributes
                0x00000374       0x39 Middlewares/ST/STM32_USB_Host_Library/Class/CDC/Src/usbh_cdc.o
 .ARM.attributes
                0x000003ad       0x39 Middlewares/ST/STM32_USB_Host_Library/Core/Src/usbh_core.o
 .ARM.attributes
                0x000003e6       0x39 Middlewares/ST/STM32_USB_Host_Library/Core/Src/usbh_ctlreq.o
 .ARM.attributes
                0x0000041f       0x39 Middlewares/ST/STM32_USB_Host_Library/Core/Src/usbh_ioreq.o
 .ARM.attributes
                0x00000458       0x39 Middlewares/ST/STM32_USB_Host_Library/Core/Src/usbh_pipes.o
 .ARM.attributes
                0x00000491       0x39 Middlewares/Third_Party/FreeRTOS/Source/CMSIS_RTOS/cmsis_os.o
 .ARM.attributes
                0x000004ca       0x39 Middlewares/Third_Party/FreeRTOS/Source/list.o
 .ARM.attributes
                0x00000503       0x39 Middlewares/Third_Party/FreeRTOS/Source/queue.o
 .ARM.attributes
                0x0000053c       0x39 Middlewares/Third_Party/FreeRTOS/Source/tasks.o
 .ARM.attributes
                0x00000575       0x39 Middlewares/Third_Party/FreeRTOS/Source/portable/GCC/ARM_CM4F/port.o
 .ARM.attributes
                0x000005ae       0x39 Middlewares/Third_Party/FreeRTOS/Source/portable/MemMang/heap_4.o
 .ARM.attributes
                0x000005e7       0x39 Src/main.o
 .ARM.attributes
                0x00000620       0x39 Src/stm32f4xx_hal_msp.o
 .ARM.attributes
                0x00000659       0x39 Src/stm32f4xx_it.o
 .ARM.attributes
                0x00000692       0x39 Src/system_stm32f4xx.o
 .ARM.attributes
                0x000006cb       0x39 Src/usb_host.o
 .ARM.attributes
                0x00000704       0x39 Src/usbh_conf.o
 .ARM.attributes
                0x0000073d       0x39 Src/usbh_platform.o
 .ARM.attributes
                0x00000776       0x21 startup/startup_stm32f407xx.o
 .ARM.attributes
                0x00000797       0x22 c:/ac6/systemworkbench/plugins/fr.ac6.mcu.externaltools.arm-none.win32_1.16.0.201807130628/tools/compiler/bin/../lib/gcc/arm-none-eabi/7.2.1/thumb/v7e-m/fpv4-sp/hard\libgcc.a(_aeabi_uldivmod.o)
 .ARM.attributes
                0x000007b9       0x34 c:/ac6/systemworkbench/plugins/fr.ac6.mcu.externaltools.arm-none.win32_1.16.0.201807130628/tools/compiler/bin/../lib/gcc/arm-none-eabi/7.2.1/thumb/v7e-m/fpv4-sp/hard\libgcc.a(_udivmoddi4.o)
 .ARM.attributes
                0x000007ed       0x22 c:/ac6/systemworkbench/plugins/fr.ac6.mcu.externaltools.arm-none.win32_1.16.0.201807130628/tools/compiler/bin/../lib/gcc/arm-none-eabi/7.2.1/thumb/v7e-m/fpv4-sp/hard\libgcc.a(_dvmd_tls.o)
 .ARM.attributes
                0x0000080f       0x34 c:/ac6/systemworkbench/plugins/fr.ac6.mcu.externaltools.arm-none.win32_1.16.0.201807130628/tools/compiler/bin/../lib/gcc/arm-none-eabi/7.2.1/../../../../arm-none-eabi/lib/thumb/v7e-m/fpv4-sp/hard\libc_nano.a(lib_a-impure.o)
 .ARM.attributes
                0x00000843       0x34 c:/ac6/systemworkbench/plugins/fr.ac6.mcu.externaltools.arm-none.win32_1.16.0.201807130628/tools/compiler/bin/../lib/gcc/arm-none-eabi/7.2.1/../../../../arm-none-eabi/lib/thumb/v7e-m/fpv4-sp/hard\libc_nano.a(lib_a-init.o)
 .ARM.attributes
                0x00000877       0x34 c:/ac6/systemworkbench/plugins/fr.ac6.mcu.externaltools.arm-none.win32_1.16.0.201807130628/tools/compiler/bin/../lib/gcc/arm-none-eabi/7.2.1/../../../../arm-none-eabi/lib/thumb/v7e-m/fpv4-sp/hard\libc_nano.a(lib_a-malloc.o)
 .ARM.attributes
                0x000008ab       0x34 c:/ac6/systemworkbench/plugins/fr.ac6.mcu.externaltools.arm-none.win32_1.16.0.201807130628/tools/compiler/bin/../lib/gcc/arm-none-eabi/7.2.1/../../../../arm-none-eabi/lib/thumb/v7e-m/fpv4-sp/hard\libc_nano.a(lib_a-memcpy-stub.o)
 .ARM.attributes
                0x000008df       0x34 c:/ac6/systemworkbench/plugins/fr.ac6.mcu.externaltools.arm-none.win32_1.16.0.201807130628/tools/compiler/bin/../lib/gcc/arm-none-eabi/7.2.1/../../../../arm-none-eabi/lib/thumb/v7e-m/fpv4-sp/hard\libc_nano.a(lib_a-nano-freer.o)
 .ARM.attributes
                0x00000913       0x34 c:/ac6/systemworkbench/plugins/fr.ac6.mcu.externaltools.arm-none.win32_1.16.0.201807130628/tools/compiler/bin/../lib/gcc/arm-none-eabi/7.2.1/../../../../arm-none-eabi/lib/thumb/v7e-m/fpv4-sp/hard\libc_nano.a(lib_a-nano-mallocr.o)
 .ARM.attributes
                0x00000947       0x34 c:/ac6/systemworkbench/plugins/fr.ac6.mcu.externaltools.arm-none.win32_1.16.0.201807130628/tools/compiler/bin/../lib/gcc/arm-none-eabi/7.2.1/../../../../arm-none-eabi/lib/thumb/v7e-m/fpv4-sp/hard\libc_nano.a(lib_a-sbrkr.o)
 .ARM.attributes
                0x0000097b       0x34 c:/ac6/systemworkbench/plugins/fr.ac6.mcu.externaltools.arm-none.win32_1.16.0.201807130628/tools/compiler/bin/../lib/gcc/arm-none-eabi/7.2.1/../../../../arm-none-eabi/lib/thumb/v7e-m/fpv4-sp/hard\libc_nano.a(lib_a-sprintf.o)
 .ARM.attributes
                0x000009af       0x34 c:/ac6/systemworkbench/plugins/fr.ac6.mcu.externaltools.arm-none.win32_1.16.0.201807130628/tools/compiler/bin/../lib/gcc/arm-none-eabi/7.2.1/../../../../arm-none-eabi/lib/thumb/v7e-m/fpv4-sp/hard\libc_nano.a(lib_a-mlock.o)
 .ARM.attributes
                0x000009e3       0x34 c:/ac6/systemworkbench/plugins/fr.ac6.mcu.externaltools.arm-none.win32_1.16.0.201807130628/tools/compiler/bin/../lib/gcc/arm-none-eabi/7.2.1/../../../../arm-none-eabi/lib/thumb/v7e-m/fpv4-sp/hard\libc_nano.a(lib_a-nano-svfprintf.o)
 .ARM.attributes
                0x00000a17       0x34 c:/ac6/systemworkbench/plugins/fr.ac6.mcu.externaltools.arm-none.win32_1.16.0.201807130628/tools/compiler/bin/../lib/gcc/arm-none-eabi/7.2.1/../../../../arm-none-eabi/lib/thumb/v7e-m/fpv4-sp/hard\libc_nano.a(lib_a-nano-vfprintf_i.o)
 .ARM.attributes
                0x00000a4b       0x34 c:/ac6/systemworkbench/plugins/fr.ac6.mcu.externaltools.arm-none.win32_1.16.0.201807130628/tools/compiler/bin/../lib/gcc/arm-none-eabi/7.2.1/../../../../arm-none-eabi/lib/thumb/v7e-m/fpv4-sp/hard\libc_nano.a(lib_a-reent.o)
 .ARM.attributes
                0x00000a7f       0x20 c:/ac6/systemworkbench/plugins/fr.ac6.mcu.externaltools.arm-none.win32_1.16.0.201807130628/tools/compiler/bin/../lib/gcc/arm-none-eabi/7.2.1/../../../../arm-none-eabi/lib/thumb/v7e-m/fpv4-sp/hard\libc_nano.a(lib_a-memchr.o)
 .ARM.attributes
                0x00000a9f       0x34 c:/ac6/systemworkbench/plugins/fr.ac6.mcu.externaltools.arm-none.win32_1.16.0.201807130628/tools/compiler/bin/../lib/gcc/arm-none-eabi/7.2.1/../../../../arm-none-eabi/lib/thumb/v7e-m/fpv4-sp/hard\libc_nano.a(lib_a-memmove.o)
 .ARM.attributes
                0x00000ad3       0x34 c:/ac6/systemworkbench/plugins/fr.ac6.mcu.externaltools.arm-none.win32_1.16.0.201807130628/tools/compiler/bin/../lib/gcc/arm-none-eabi/7.2.1/../../../../arm-none-eabi/lib/thumb/v7e-m/fpv4-sp/hard\libc_nano.a(lib_a-nano-reallocr.o)
 .ARM.attributes
                0x00000b07       0x34 c:/ac6/systemworkbench/plugins/fr.ac6.mcu.externaltools.arm-none.win32_1.16.0.201807130628/tools/compiler/bin/../lib/gcc/arm-none-eabi/7.2.1/../../../../arm-none-eabi/lib/thumb/v7e-m/fpv4-sp/hard\libc_nano.a(lib_a-nano-msizer.o)
 .ARM.attributes
                0x00000b3b       0x34 c:/ac6/systemworkbench/plugins/fr.ac6.mcu.externaltools.arm-none.win32_1.16.0.201807130628/tools/compiler/bin/../lib/gcc/arm-none-eabi/7.2.1/../../../../arm-none-eabi/lib/thumb/v7e-m/fpv4-sp/hard\libnosys.a(sbrk.o)
 .ARM.attributes
                0x00000b6f       0x22 c:/ac6/systemworkbench/plugins/fr.ac6.mcu.externaltools.arm-none.win32_1.16.0.201807130628/tools/compiler/bin/../lib/gcc/arm-none-eabi/7.2.1/thumb/v7e-m/fpv4-sp/hard/crtn.o
OUTPUT(FinalProject.elf elf32-littlearm)

.debug_info     0x00000000    0x3183f
 .debug_info    0x00000000     0x11d9 Drivers/STM32F4xx_HAL_Driver/Src/stm32f4xx_hal.o
 .debug_info    0x000011d9     0x15e9 Drivers/STM32F4xx_HAL_Driver/Src/stm32f4xx_hal_adc.o
 .debug_info    0x000027c2     0x1755 Drivers/STM32F4xx_HAL_Driver/Src/stm32f4xx_hal_cortex.o
 .debug_info    0x00003f17     0x127b Drivers/STM32F4xx_HAL_Driver/Src/stm32f4xx_hal_dma.o
 .debug_info    0x00005192      0xf93 Drivers/STM32F4xx_HAL_Driver/Src/stm32f4xx_hal_gpio.o
 .debug_info    0x00006125     0x197e Drivers/STM32F4xx_HAL_Driver/Src/stm32f4xx_hal_hcd.o
 .debug_info    0x00007aa3     0x36da Drivers/STM32F4xx_HAL_Driver/Src/stm32f4xx_hal_i2c.o
 .debug_info    0x0000b17d     0x17ef Drivers/STM32F4xx_HAL_Driver/Src/stm32f4xx_hal_i2s.o
 .debug_info    0x0000c96c     0x15fa Drivers/STM32F4xx_HAL_Driver/Src/stm32f4xx_hal_i2s_ex.o
 .debug_info    0x0000df66     0x125b Drivers/STM32F4xx_HAL_Driver/Src/stm32f4xx_hal_rcc.o
 .debug_info    0x0000f1c1      0xe8b Drivers/STM32F4xx_HAL_Driver/Src/stm32f4xx_hal_rcc_ex.o
 .debug_info    0x0001004c     0x2207 Drivers/STM32F4xx_HAL_Driver/Src/stm32f4xx_hal_spi.o
 .debug_info    0x00012253     0x1f1a Drivers/STM32F4xx_HAL_Driver/Src/stm32f4xx_hal_uart.o
 .debug_info    0x0001416d     0x1f18 Drivers/STM32F4xx_HAL_Driver/Src/stm32f4xx_ll_usb.o
 .debug_info    0x00016085     0x1f33 Middlewares/ST/STM32_USB_Host_Library/Class/CDC/Src/usbh_cdc.o
 .debug_info    0x00017fb8     0x1f7d Middlewares/ST/STM32_USB_Host_Library/Core/Src/usbh_core.o
 .debug_info    0x00019f35     0x1be7 Middlewares/ST/STM32_USB_Host_Library/Core/Src/usbh_ctlreq.o
 .debug_info    0x0001bb1c     0x1699 Middlewares/ST/STM32_USB_Host_Library/Core/Src/usbh_ioreq.o
 .debug_info    0x0001d1b5     0x1341 Middlewares/ST/STM32_USB_Host_Library/Core/Src/usbh_pipes.o
 .debug_info    0x0001e4f6     0x231e Middlewares/Third_Party/FreeRTOS/Source/CMSIS_RTOS/cmsis_os.o
 .debug_info    0x00020814      0xacd Middlewares/Third_Party/FreeRTOS/Source/list.o
 .debug_info    0x000212e1     0x1f82 Middlewares/Third_Party/FreeRTOS/Source/queue.o
 .debug_info    0x00023263     0x2915 Middlewares/Third_Party/FreeRTOS/Source/tasks.o
 .debug_info    0x00025b78      0x532 Middlewares/Third_Party/FreeRTOS/Source/portable/GCC/ARM_CM4F/port.o
 .debug_info    0x000260aa      0xc71 Middlewares/Third_Party/FreeRTOS/Source/portable/MemMang/heap_4.o
 .debug_info    0x00026d1b     0x282c Src/main.o
 .debug_info    0x00029547     0x2177 Src/stm32f4xx_hal_msp.o
 .debug_info    0x0002b6be     0x1312 Src/stm32f4xx_it.o
 .debug_info    0x0002c9d0      0xd29 Src/system_stm32f4xx.o
 .debug_info    0x0002d6f9     0x127c Src/usb_host.o
 .debug_info    0x0002e975     0x2435 Src/usbh_conf.o
 .debug_info    0x00030daa      0xa73 Src/usbh_platform.o
 .debug_info    0x0003181d       0x22 startup/startup_stm32f407xx.o

.debug_abbrev   0x00000000     0x5f0d
 .debug_abbrev  0x00000000      0x2e5 Drivers/STM32F4xx_HAL_Driver/Src/stm32f4xx_hal.o
 .debug_abbrev  0x000002e5      0x2cf Drivers/STM32F4xx_HAL_Driver/Src/stm32f4xx_hal_adc.o
 .debug_abbrev  0x000005b4      0x3d6 Drivers/STM32F4xx_HAL_Driver/Src/stm32f4xx_hal_cortex.o
 .debug_abbrev  0x0000098a      0x32a Drivers/STM32F4xx_HAL_Driver/Src/stm32f4xx_hal_dma.o
 .debug_abbrev  0x00000cb4      0x2a7 Drivers/STM32F4xx_HAL_Driver/Src/stm32f4xx_hal_gpio.o
 .debug_abbrev  0x00000f5b      0x30d Drivers/STM32F4xx_HAL_Driver/Src/stm32f4xx_hal_hcd.o
 .debug_abbrev  0x00001268      0x2fb Drivers/STM32F4xx_HAL_Driver/Src/stm32f4xx_hal_i2c.o
 .debug_abbrev  0x00001563      0x32c Drivers/STM32F4xx_HAL_Driver/Src/stm32f4xx_hal_i2s.o
 .debug_abbrev  0x0000188f      0x31d Drivers/STM32F4xx_HAL_Driver/Src/stm32f4xx_hal_i2s_ex.o
 .debug_abbrev  0x00001bac      0x333 Drivers/STM32F4xx_HAL_Driver/Src/stm32f4xx_hal_rcc.o
 .debug_abbrev  0x00001edf      0x27b Drivers/STM32F4xx_HAL_Driver/Src/stm32f4xx_hal_rcc_ex.o
 .debug_abbrev  0x0000215a      0x2f2 Drivers/STM32F4xx_HAL_Driver/Src/stm32f4xx_hal_spi.o
 .debug_abbrev  0x0000244c      0x344 Drivers/STM32F4xx_HAL_Driver/Src/stm32f4xx_hal_uart.o
 .debug_abbrev  0x00002790      0x306 Drivers/STM32F4xx_HAL_Driver/Src/stm32f4xx_ll_usb.o
 .debug_abbrev  0x00002a96      0x357 Middlewares/ST/STM32_USB_Host_Library/Class/CDC/Src/usbh_cdc.o
 .debug_abbrev  0x00002ded      0x3ef Middlewares/ST/STM32_USB_Host_Library/Core/Src/usbh_core.o
 .debug_abbrev  0x000031dc      0x36e Middlewares/ST/STM32_USB_Host_Library/Core/Src/usbh_ctlreq.o
 .debug_abbrev  0x0000354a      0x281 Middlewares/ST/STM32_USB_Host_Library/Core/Src/usbh_ioreq.o
 .debug_abbrev  0x000037cb      0x2bb Middlewares/ST/STM32_USB_Host_Library/Core/Src/usbh_pipes.o
 .debug_abbrev  0x00003a86      0x3d4 Middlewares/Third_Party/FreeRTOS/Source/CMSIS_RTOS/cmsis_os.o
 .debug_abbrev  0x00003e5a      0x21c Middlewares/Third_Party/FreeRTOS/Source/list.o
 .debug_abbrev  0x00004076      0x385 Middlewares/Third_Party/FreeRTOS/Source/queue.o
 .debug_abbrev  0x000043fb      0x3cf Middlewares/Third_Party/FreeRTOS/Source/tasks.o
 .debug_abbrev  0x000047ca      0x216 Middlewares/Third_Party/FreeRTOS/Source/portable/GCC/ARM_CM4F/port.o
 .debug_abbrev  0x000049e0      0x318 Middlewares/Third_Party/FreeRTOS/Source/portable/MemMang/heap_4.o
 .debug_abbrev  0x00004cf8      0x2f0 Src/main.o
 .debug_abbrev  0x00004fe8      0x28c Src/stm32f4xx_hal_msp.o
 .debug_abbrev  0x00005274      0x23b Src/stm32f4xx_it.o
 .debug_abbrev  0x000054af      0x205 Src/system_stm32f4xx.o
 .debug_abbrev  0x000056b4      0x2aa Src/usb_host.o
 .debug_abbrev  0x0000595e      0x37b Src/usbh_conf.o
 .debug_abbrev  0x00005cd9      0x222 Src/usbh_platform.o
 .debug_abbrev  0x00005efb       0x12 startup/startup_stm32f407xx.o

.debug_loc      0x00000000    0x12449
 .debug_loc     0x00000000       0xfd Drivers/STM32F4xx_HAL_Driver/Src/stm32f4xx_hal.o
 .debug_loc     0x000000fd      0x92c Drivers/STM32F4xx_HAL_Driver/Src/stm32f4xx_hal_adc.o
 .debug_loc     0x00000a29      0x5ce Drivers/STM32F4xx_HAL_Driver/Src/stm32f4xx_hal_cortex.o
 .debug_loc     0x00000ff7      0xb4e Drivers/STM32F4xx_HAL_Driver/Src/stm32f4xx_hal_dma.o
 .debug_loc     0x00001b45      0x469 Drivers/STM32F4xx_HAL_Driver/Src/stm32f4xx_hal_gpio.o
 .debug_loc     0x00001fae      0xb56 Drivers/STM32F4xx_HAL_Driver/Src/stm32f4xx_hal_hcd.o
 .debug_loc     0x00002b04     0x3145 Drivers/STM32F4xx_HAL_Driver/Src/stm32f4xx_hal_i2c.o
 .debug_loc     0x00005c49      0xed1 Drivers/STM32F4xx_HAL_Driver/Src/stm32f4xx_hal_i2s.o
 .debug_loc     0x00006b1a      0xbb5 Drivers/STM32F4xx_HAL_Driver/Src/stm32f4xx_hal_i2s_ex.o
 .debug_loc     0x000076cf      0x3f1 Drivers/STM32F4xx_HAL_Driver/Src/stm32f4xx_hal_rcc.o
 .debug_loc     0x00007ac0      0x2c7 Drivers/STM32F4xx_HAL_Driver/Src/stm32f4xx_hal_rcc_ex.o
 .debug_loc     0x00007d87     0x1937 Drivers/STM32F4xx_HAL_Driver/Src/stm32f4xx_hal_spi.o
 .debug_loc     0x000096be     0x158b Drivers/STM32F4xx_HAL_Driver/Src/stm32f4xx_hal_uart.o
 .debug_loc     0x0000ac49     0x1548 Drivers/STM32F4xx_HAL_Driver/Src/stm32f4xx_ll_usb.o
 .debug_loc     0x0000c191      0x756 Middlewares/ST/STM32_USB_Host_Library/Class/CDC/Src/usbh_cdc.o
 .debug_loc     0x0000c8e7      0x857 Middlewares/ST/STM32_USB_Host_Library/Core/Src/usbh_core.o
 .debug_loc     0x0000d13e      0xbd7 Middlewares/ST/STM32_USB_Host_Library/Core/Src/usbh_ctlreq.o
 .debug_loc     0x0000dd15      0x50f Middlewares/ST/STM32_USB_Host_Library/Core/Src/usbh_ioreq.o
 .debug_loc     0x0000e224      0x1cc Middlewares/ST/STM32_USB_Host_Library/Core/Src/usbh_pipes.o
 .debug_loc     0x0000e3f0      0xee1 Middlewares/Third_Party/FreeRTOS/Source/CMSIS_RTOS/cmsis_os.o
 .debug_loc     0x0000f2d1       0x70 Middlewares/Third_Party/FreeRTOS/Source/list.o
 .debug_loc     0x0000f341      0xdc3 Middlewares/Third_Party/FreeRTOS/Source/queue.o
 .debug_loc     0x00010104     0x11ef Middlewares/Third_Party/FreeRTOS/Source/tasks.o
 .debug_loc     0x000112f3       0xdc Middlewares/Third_Party/FreeRTOS/Source/portable/GCC/ARM_CM4F/port.o
 .debug_loc     0x000113cf      0x291 Middlewares/Third_Party/FreeRTOS/Source/portable/MemMang/heap_4.o
 .debug_loc     0x00011660       0x42 Src/main.o
 .debug_loc     0x000116a2      0x25d Src/stm32f4xx_hal_msp.o
 .debug_loc     0x000118ff      0x13e Src/system_stm32f4xx.o
 .debug_loc     0x00011a3d      0x9b7 Src/usbh_conf.o
 .debug_loc     0x000123f4       0x55 Src/usbh_platform.o

.debug_aranges  0x00000000     0x18a8
 .debug_aranges
                0x00000000       0xe0 Drivers/STM32F4xx_HAL_Driver/Src/stm32f4xx_hal.o
 .debug_aranges
                0x000000e0       0xe8 Drivers/STM32F4xx_HAL_Driver/Src/stm32f4xx_hal_adc.o
 .debug_aranges
                0x000001c8       0xa8 Drivers/STM32F4xx_HAL_Driver/Src/stm32f4xx_hal_cortex.o
 .debug_aranges
                0x00000270       0x90 Drivers/STM32F4xx_HAL_Driver/Src/stm32f4xx_hal_dma.o
 .debug_aranges
                0x00000300       0x58 Drivers/STM32F4xx_HAL_Driver/Src/stm32f4xx_hal_gpio.o
 .debug_aranges
                0x00000358       0xe0 Drivers/STM32F4xx_HAL_Driver/Src/stm32f4xx_hal_hcd.o
 .debug_aranges
                0x00000438      0x268 Drivers/STM32F4xx_HAL_Driver/Src/stm32f4xx_hal_i2c.o
 .debug_aranges
                0x000006a0      0x108 Drivers/STM32F4xx_HAL_Driver/Src/stm32f4xx_hal_i2s.o
 .debug_aranges
                0x000007a8       0x78 Drivers/STM32F4xx_HAL_Driver/Src/stm32f4xx_hal_i2s_ex.o
 .debug_aranges
                0x00000820       0x88 Drivers/STM32F4xx_HAL_Driver/Src/stm32f4xx_hal_rcc.o
 .debug_aranges
                0x000008a8       0x48 Drivers/STM32F4xx_HAL_Driver/Src/stm32f4xx_hal_rcc_ex.o
 .debug_aranges
                0x000008f0      0x1c8 Drivers/STM32F4xx_HAL_Driver/Src/stm32f4xx_hal_spi.o
 .debug_aranges
                0x00000ab8      0x1d0 Drivers/STM32F4xx_HAL_Driver/Src/stm32f4xx_hal_uart.o
 .debug_aranges
                0x00000c88      0x180 Drivers/STM32F4xx_HAL_Driver/Src/stm32f4xx_ll_usb.o
 .debug_aranges
                0x00000e08       0xa8 Middlewares/ST/STM32_USB_Host_Library/Class/CDC/Src/usbh_cdc.o
 .debug_aranges
                0x00000eb0       0xb8 Middlewares/ST/STM32_USB_Host_Library/Core/Src/usbh_core.o
 .debug_aranges
                0x00000f68       0x98 Middlewares/ST/STM32_USB_Host_Library/Core/Src/usbh_ctlreq.o
 .debug_aranges
                0x00001000       0x60 Middlewares/ST/STM32_USB_Host_Library/Core/Src/usbh_ioreq.o
 .debug_aranges
                0x00001060       0x40 Middlewares/ST/STM32_USB_Host_Library/Core/Src/usbh_pipes.o
 .debug_aranges
                0x000010a0      0x1d8 Middlewares/Third_Party/FreeRTOS/Source/CMSIS_RTOS/cmsis_os.o
 .debug_aranges
                0x00001278       0x40 Middlewares/Third_Party/FreeRTOS/Source/list.o
 .debug_aranges
                0x000012b8       0xe0 Middlewares/Third_Party/FreeRTOS/Source/queue.o
 .debug_aranges
                0x00001398      0x190 Middlewares/Third_Party/FreeRTOS/Source/tasks.o
 .debug_aranges
                0x00001528       0x80 Middlewares/Third_Party/FreeRTOS/Source/portable/GCC/ARM_CM4F/port.o
 .debug_aranges
                0x000015a8       0x50 Middlewares/Third_Party/FreeRTOS/Source/portable/MemMang/heap_4.o
 .debug_aranges
                0x000015f8       0x80 Src/main.o
 .debug_aranges
                0x00001678       0x70 Src/stm32f4xx_hal_msp.o
 .debug_aranges
                0x000016e8       0x68 Src/stm32f4xx_it.o
 .debug_aranges
                0x00001750       0x28 Src/system_stm32f4xx.o
 .debug_aranges
                0x00001778       0x28 Src/usb_host.o
 .debug_aranges
                0x000017a0       0xc0 Src/usbh_conf.o
 .debug_aranges
                0x00001860       0x20 Src/usbh_platform.o
 .debug_aranges
                0x00001880       0x28 startup/startup_stm32f407xx.o

.debug_ranges   0x00000000     0x1840
 .debug_ranges  0x00000000       0xd0 Drivers/STM32F4xx_HAL_Driver/Src/stm32f4xx_hal.o
 .debug_ranges  0x000000d0       0xd8 Drivers/STM32F4xx_HAL_Driver/Src/stm32f4xx_hal_adc.o
 .debug_ranges  0x000001a8       0xf8 Drivers/STM32F4xx_HAL_Driver/Src/stm32f4xx_hal_cortex.o
 .debug_ranges  0x000002a0       0x80 Drivers/STM32F4xx_HAL_Driver/Src/stm32f4xx_hal_dma.o
 .debug_ranges  0x00000320       0x48 Drivers/STM32F4xx_HAL_Driver/Src/stm32f4xx_hal_gpio.o
 .debug_ranges  0x00000368       0xd0 Drivers/STM32F4xx_HAL_Driver/Src/stm32f4xx_hal_hcd.o
 .debug_ranges  0x00000438      0x258 Drivers/STM32F4xx_HAL_Driver/Src/stm32f4xx_hal_i2c.o
 .debug_ranges  0x00000690       0xf8 Drivers/STM32F4xx_HAL_Driver/Src/stm32f4xx_hal_i2s.o
 .debug_ranges  0x00000788       0x80 Drivers/STM32F4xx_HAL_Driver/Src/stm32f4xx_hal_i2s_ex.o
 .debug_ranges  0x00000808       0x90 Drivers/STM32F4xx_HAL_Driver/Src/stm32f4xx_hal_rcc.o
 .debug_ranges  0x00000898       0x38 Drivers/STM32F4xx_HAL_Driver/Src/stm32f4xx_hal_rcc_ex.o
 .debug_ranges  0x000008d0      0x1b8 Drivers/STM32F4xx_HAL_Driver/Src/stm32f4xx_hal_spi.o
 .debug_ranges  0x00000a88      0x1c0 Drivers/STM32F4xx_HAL_Driver/Src/stm32f4xx_hal_uart.o
 .debug_ranges  0x00000c48      0x170 Drivers/STM32F4xx_HAL_Driver/Src/stm32f4xx_ll_usb.o
 .debug_ranges  0x00000db8       0x98 Middlewares/ST/STM32_USB_Host_Library/Class/CDC/Src/usbh_cdc.o
 .debug_ranges  0x00000e50       0xa8 Middlewares/ST/STM32_USB_Host_Library/Core/Src/usbh_core.o
 .debug_ranges  0x00000ef8       0x88 Middlewares/ST/STM32_USB_Host_Library/Core/Src/usbh_ctlreq.o